*** EVALUATION ***
PROGRAM "G:\내 드라이브\3.학교자료\4학년 1학기\마이크로프로세서실험\과제\중간과제\코드\Middle_TermProject\bin\Flash_Application.abs"

*********************************************************************************************
TARGET SECTION
---------------------------------------------------------------------------------------------
Processor   : Freescale HC12
Memory Model: SMALL
File Format : ELF\DWARF 2.0
Linker      : SmartLinker V-5.0.52 Build 15249, Sep  7 2015

*********************************************************************************************
FILE SECTION
---------------------------------------------------------------------------------------------
START12.C.o                             Model: SMALL,         Lang: ANSI-C,        Compiler Version: ANSI-C/cC++ Compiler for HC12 V-5.0.46 Build 15249, Sep  7 2015
CTYPE.C.o (ansis.lib)                   Model: SMALL,         Lang: ANSI-C,        Compiler Version: ANSI-C/cC++ Compiler for HC12 V-5.0.46 Build 15249, Sep  7 2015
HEAP.C.o (ansis.lib)                    Model: SMALL,         Lang: ANSI-C,        Compiler Version: ANSI-C/cC++ Compiler for HC12 V-5.0.46 Build 15249, Sep  7 2015
MATH.C.o (ansis.lib)                    Model: SMALL,         Lang: ANSI-C,        Compiler Version: ANSI-C/cC++ Compiler for HC12 V-5.0.46 Build 15249, Sep  7 2015
PRINTF.C.o (ansis.lib)                  Model: SMALL,         Lang: ANSI-C,        Compiler Version: ANSI-C/cC++ Compiler for HC12 V-5.0.46 Build 15249, Sep  7 2015
SCANF.C.o (ansis.lib)                   Model: SMALL,         Lang: ANSI-C,        Compiler Version: ANSI-C/cC++ Compiler for HC12 V-5.0.46 Build 15249, Sep  7 2015
STDLIB.C.o (ansis.lib)                  Model: SMALL,         Lang: ANSI-C,        Compiler Version: ANSI-C/cC++ Compiler for HC12 V-5.0.46 Build 15249, Sep  7 2015
STRING.C.o (ansis.lib)                  Model: SMALL,         Lang: ANSI-C,        Compiler Version: ANSI-C/cC++ Compiler for HC12 V-5.0.46 Build 15249, Sep  7 2015
ALLOC.C.o (ansis.lib)                   Model: SMALL,         Lang: ANSI-C,        Compiler Version: ANSI-C/cC++ Compiler for HC12 V-5.0.46 Build 15249, Sep  7 2015
FADD.C.o (ansis.lib)                    Model: SMALL,         Lang: ANSI-C,        Compiler Version: ANSI-C/cC++ Compiler for HC12 V-5.0.46 Build 15249, Sep  7 2015
FANSI.C.o (ansis.lib)                   Model: SMALL,         Lang: ANSI-C,        Compiler Version: ANSI-C/cC++ Compiler for HC12 V-5.0.46 Build 15249, Sep  7 2015
FCMP.C.o (ansis.lib)                    Model: SMALL,         Lang: ANSI-C,        Compiler Version: ANSI-C/cC++ Compiler for HC12 V-5.0.46 Build 15249, Sep  7 2015
FCONV.C.o (ansis.lib)                   Model: SMALL,         Lang: ANSI-C,        Compiler Version: ANSI-C/cC++ Compiler for HC12 V-5.0.46 Build 15249, Sep  7 2015
FMUL.C.o (ansis.lib)                    Model: SMALL,         Lang: ANSI-C,        Compiler Version: ANSI-C/cC++ Compiler for HC12 V-5.0.46 Build 15249, Sep  7 2015
FREGS.C.o (ansis.lib)                   Model: SMALL,         Lang: ANSI-C,        Compiler Version: ANSI-C/cC++ Compiler for HC12 V-5.0.46 Build 15249, Sep  7 2015
rtshc12.c.o (ansis.lib)                 Model: SMALL,         Lang: ANSI-C,        Compiler Version: ANSI-C/cC++ Compiler for HC12 V-5.0.46 Build 15249, Sep  7 2015
VREGS.C.o (ansis.lib)                   Model: SMALL,         Lang: ANSI-C,        Compiler Version: ANSI-C/cC++ Compiler for HC12 V-5.0.46 Build 15249, Sep  7 2015
projectvectors.c.o                      Model: SMALL,         Lang: ANSI-C,        Compiler Version: ANSI-C/cC++ Compiler for HC12 V-5.0.46 Build 15249, Sep  7 2015
main.c.o                                Model: SMALL,         Lang: ANSI-C,        Compiler Version: ANSI-C/cC++ Compiler for HC12 V-5.0.46 Build 15249, Sep  7 2015
per_DP256_K79X.c.o                      Model: SMALL,         Lang: ANSI-C,        Compiler Version: ANSI-C/cC++ Compiler for HC12 V-5.0.46 Build 15249, Sep  7 2015
dataframe.c.o                           Model: SMALL,         Lang: ANSI-C,        Compiler Version: ANSI-C/cC++ Compiler for HC12 V-5.0.46 Build 15249, Sep  7 2015
interrupt.c.o                           Model: SMALL,         Lang: ANSI-C,        Compiler Version: ANSI-C/cC++ Compiler for HC12 V-5.0.46 Build 15249, Sep  7 2015
lcd.c.o                                 Model: SMALL,         Lang: ANSI-C,        Compiler Version: ANSI-C/cC++ Compiler for HC12 V-5.0.46 Build 15249, Sep  7 2015
led.c.o                                 Model: SMALL,         Lang: ANSI-C,        Compiler Version: ANSI-C/cC++ Compiler for HC12 V-5.0.46 Build 15249, Sep  7 2015
queue.c.o                               Model: SMALL,         Lang: ANSI-C,        Compiler Version: ANSI-C/cC++ Compiler for HC12 V-5.0.46 Build 15249, Sep  7 2015
sci.c.o                                 Model: SMALL,         Lang: ANSI-C,        Compiler Version: ANSI-C/cC++ Compiler for HC12 V-5.0.46 Build 15249, Sep  7 2015
exception.c.o                           Model: SMALL,         Lang: ANSI-C,        Compiler Version: ANSI-C/cC++ Compiler for HC12 V-5.0.46 Build 15249, Sep  7 2015

*********************************************************************************************
STARTUP SECTION
---------------------------------------------------------------------------------------------
Entry point: 0x4029 (_Startup)
_startupData is allocated at 0x4039 and uses 11 Bytes
extern struct _tagStartup {
  unsigned flags          0
  _PFunc   main           0x5A05    (main)
  long     stackOffset    0x1C6C
  unsigned nofZeroOut     1
  _Range   pZeroOut       0x1000     2157
  _Copy    *toCopyDownBeg 0x62BD
} _startupData;

*********************************************************************************************
SECTION-ALLOCATION SECTION
Section Name                    Size  Type     From       To       Segment
---------------------------------------------------------------------------------------------
.init                             57     R     0x4000     0x4038   ROM_4000
.startData                        15     R     0x4039     0x4047   ROM_4000
.rodata                          222     R     0x4048     0x4125   ROM_4000
.rodata1                         181     R     0x4126     0x41DA   ROM_4000
NON_BANKED                       228     R     0x41DB     0x42BE   ROM_4000
.text                           6903     R     0x42BF     0x5DB5   ROM_4000
.copy                              2     R     0x62BD     0x62BE   ROM_4000
.abs_section_0                    48   N/I        0x0       0x2F   .absSeg0
.abs_section_30                    4   N/I       0x30       0x33   .absSeg1
.abs_section_34                   12   N/I       0x34       0x3F   .absSeg2
.abs_section_40                   64   N/I       0x40       0x7F   .absSeg3
.abs_section_80                   32   N/I       0x80       0x9F   .absSeg4
.abs_section_a0                   40   N/I       0xA0       0xC7   .absSeg5
.abs_section_c8                    8   N/I       0xC8       0xCF   .absSeg6
.abs_section_d0                    8   N/I       0xD0       0xD7   .absSeg7
.abs_section_d8                    8   N/I       0xD8       0xDF   .absSeg8
.abs_section_e0                    8   N/I       0xE0       0xE7   .absSeg9
.abs_section_e8                    8   N/I       0xE8       0xEF   .absSeg10
.abs_section_f0                    8   N/I       0xF0       0xF7   .absSeg11
.abs_section_f8                    8   N/I       0xF8       0xFF   .absSeg12
.abs_section_100                  16   N/I      0x100      0x10F   .absSeg13
.abs_section_110                  12   N/I      0x110      0x11B   .absSeg14
.abs_section_120                  32   N/I      0x120      0x13F   .absSeg15
.abs_section_140                  64   N/I      0x140      0x17F   .absSeg16
.abs_section_180                  64   N/I      0x180      0x1BF   .absSeg17
.abs_section_1c0                  64   N/I      0x1C0      0x1FF   .absSeg18
.abs_section_200                  64   N/I      0x200      0x23F   .absSeg19
.abs_section_240                  48   N/I      0x240      0x26F   .absSeg20
.abs_section_280                  64   N/I      0x280      0x2BF   .absSeg21
.bss                              18   R/W     0x1000     0x1011   RAM
HEAP_SEGMENT                    2000   R/W     0x1012     0x17E1   RAM
.common                          139   R/W     0x17E2     0x186C   RAM
RUNTIME                         1287     R     0x5DB6     0x62BC   ROM_4000
.stack                          1024   R/W     0x186D     0x1C6C   RAM
.vectSeg22_vect                  116     R     0xFF8C     0xFFFF   .vectSeg22

Summary of section sizes per section type:
READ_ONLY (R):        2333 (dec:     9011)
READ_WRITE (R/W):      C6D (dec:     3181)
NO_INIT (N/I):         2AC (dec:      684)

*********************************************************************************************
VECTOR-ALLOCATION SECTION
    Address     InitValue   InitFunction
---------------------------------------------------------------------------------------------
     0xFF8C        0x41DB   pwm_shutdown_isr
     0xFF8E        0x41DF   portp_isr
     0xFF90        0x41E3   mscan4_tx_isr
     0xFF92        0x41E7   mscan4_rx_isr
     0xFF94        0x41EB   mscan4_error_isr
     0xFF96        0x41EF   mscan4_wakeup_isr
     0xFF98        0x41F3   mscan3_tx_isr
     0xFF9A        0x41F7   mscan3_rx_isr
     0xFF9C        0x41FB   mscan3_error_isr
     0xFF9E        0x41FF   mscan3_wakeup_isr
     0xFFA0        0x4203   mscan2_tx_isr
     0xFFA2        0x4207   mscan2_rx_isr
     0xFFA4        0x420B   mscan2_error_isr
     0xFFA6        0x420F   mscan2_wakeup_isr
     0xFFA8        0x4213   mscan1_tx_isr
     0xFFAA        0x4217   mscan1_rx_isr
     0xFFAC        0x421B   mscan1_error_isr
     0xFFAE        0x421F   mscan1_wakeup_isr
     0xFFB0        0x4223   mscan0_tx_isr
     0xFFB2        0x4227   mscan0_rx_isr
     0xFFB4        0x422B   mscan0_error_isr
     0xFFB6        0x422F   mscan0_wakeup_isr
     0xFFB8        0x4233   flash_isr
     0xFFBA        0x4237   eeprom_isr
     0xFFBC        0x423B   spi2_isr
     0xFFBE        0x423F   spi1_isr
     0xFFC0        0x4243   iic_isr
     0xFFC2        0x4247   bdlc_isr
     0xFFC4        0x424B   crg_scm_isr
     0xFFC6        0x424F   crg_pll_lock_isr
     0xFFC8        0x4253   pa_b_overflow_isr
     0xFFCA        0x4257   ect_mdc_isr
     0xFFCC        0x425B   porth_isr
     0xFFCE        0x425F   portj_isr
     0xFFD0        0x4263   atd1_isr
     0xFFD2        0x4267   atd0_isr
     0xFFD4        0x426B   sci1_isr
     0xFFD6        0x426F   sci0_isr
     0xFFD8        0x4273   spi0_isr
     0xFFDA        0x4277   pa_a_edge_isr
     0xFFDC        0x427B   pa_a_overflow_isr
     0xFFDE        0x427F   ect_overflow_isr
     0xFFE0        0x4283   ect_ch7_isr
     0xFFE2        0x4287   ect_ch6_isr
     0xFFE4        0x428B   ect_ch5_isr
     0xFFE6        0x428F   ect_ch4_isr
     0xFFE8        0x4293   ect_ch3_isr
     0xFFEA        0x4297   ect_ch2_isr
     0xFFEC        0x429B   ect_ch1_isr
     0xFFEE        0x429F   ect_ch0_isr
     0xFFF0        0x42A3   rti_isr
     0xFFF2        0x42A7   irq_isr
     0xFFF4        0x42AB   xirq_isr
     0xFFF6        0x42AF   swi_isr
     0xFFF8        0x42B3   trap_isr
     0xFFFA        0x42B7   cop_isr
     0xFFFC        0x42BB   clockmonitor_isr
     0xFFFE        0x4029   _Startup

*********************************************************************************************
OBJECT-ALLOCATION SECTION
     Name               Module                 Addr   hSize   dSize     Ref    Section   RLIB
---------------------------------------------------------------------------------------------
MODULE:                 -- START12.C.o --
- PROCEDURES:
     Init                                      4000      29      41       1   .init       
     _Startup                                  4029      10      16       0   .init       
- VARIABLES:
     _startupData                              4039       B      11       5   .startData  
- LABELS:
     __SEG_END_SSTACK                          1C6D       0       0       1               
MODULE:                 -- CTYPE.C.o (ansis.lib) --
- PROCEDURES:
     isdigit                                   42BF       E      14       3   .text       
     isspace                                   42CD      17      23       6   .text       
     toupper                                   42E4      14      20       4   .text       
- VARIABLES:
MODULE:                 -- HEAP.C.o (ansis.lib) --
- PROCEDURES:
     _heapcrash_                               42F8       C      12       3   .text       
- VARIABLES:
     _heap_                                    1012     7D0    2000       2   HEAP_SEGMENT
MODULE:                 -- MATH.C.o (ansis.lib) --
- PROCEDURES:
- VARIABLES:
     infinity                                  4048       4       4       2   .rodata     
MODULE:                 -- PRINTF.C.o (ansis.lib) --
- PROCEDURES:
     Ten                                       4304      AC     172       3   .text       
     vprintf                                   43B0     924    2340     110   .text       
     _out                                      4CD4       C      12      17   .text       
     deposit_char                              4CE0       F      15       1   .text       
     sprintf                                   4CEF      29      41       2   .text       
- VARIABLES:
     pow10                                     404C      28      40       6   .rodata     
     pow16                                     4074      20      32       4   .rodata     
     pow8                                      4094      2C      44       4   .rodata     
     fpow10                                    40C0      30      48       1   .rodata     
     fpow_10                                   40F0      30      48       1   .rodata     
     pbuf                                      1000       6       6      15   .bss        
MODULE:                 -- SCANF.C.o (ansis.lib) --
- PROCEDURES:
     _getNum                                   4D18      37      55       1   .text       
     _copyList                                 4D4F      B5     181       1   .text       
     vsscanf                                   4E04     376     886      50   .text       
     sscanf                                    517A      10      16       3   .text       
- VARIABLES:
MODULE:                 -- STDLIB.C.o (ansis.lib) --
- PROCEDURES:
     CheckCharWithBase                         518A      39      57       1   .text       
     _strtoul                                  51C3     170     368       8   .text       
     _strtol                                   5333      D0     208       4   .text       
     strtol                                    5403      13      19       1   .text       
     _strtod                                   5416     38A     906      20   .text       
- VARIABLES:
MODULE:                 -- STRING.C.o (ansis.lib) --
- PROCEDURES:
     memset                                    57A0      18      24       1   .text       
- VARIABLES:
MODULE:                 -- ALLOC.C.o (ansis.lib) --
- PROCEDURES:
     malloc                                    57B8      A6     166       2   .text       
     free                                      585E      C4     196       4   .text       
- VARIABLES:
     heap_end                                  1006       2       2       3   .bss        
     free_ptr                                  1008       2       2       8   .bss        
MODULE:                 -- FADD.C.o (ansis.lib) --
- PROCEDURES:
     F_ADDKL                                   5DB6      67     103       1   RUNTIME     
     _FADD                                     5E1D      15      21       6   RUNTIME     
     _FSUB                                     5E32      13      19       2   RUNTIME     
     _FNEG                                     5E45       B      11       2   RUNTIME     
- VARIABLES:
MODULE:                 -- FANSI.C.o (ansis.lib) --
- PROCEDURES:
     F_FREXP                                   5E50      1F      31       1   RUNTIME     
     frexpf                                    5E6F      19      25       1   RUNTIME     
- VARIABLES:
MODULE:                 -- FCMP.C.o (ansis.lib) --
- PROCEDURES:
     _FCMP                                     5E88      26      38       5   RUNTIME     
- VARIABLES:
MODULE:                 -- FCONV.C.o (ansis.lib) --
- PROCEDURES:
     F_TOLONGK                                 5EAE      33      51       1   RUNTIME     
     F_FRLONGK                                 5EE1      1F      31       2   RUNTIME     
     _FSFLOAT                                  5F00      12      18       3   RUNTIME     
     _FUFLOAT                                  5F12      12      18       1   RUNTIME     
     _FSTRUNC                                  5F24      11      17       1   RUNTIME     
     _FUTRUNC                                  5F35       3       3       2   RUNTIME     
- VARIABLES:
MODULE:                 -- FMUL.C.o (ansis.lib) --
- PROCEDURES:
     F_DIVKL                                   5F38      8E     142       1   RUNTIME     
     F_MULKL                                   5FC6      58      88       1   RUNTIME     
     _FMUL                                     601E      14      20      10   RUNTIME     
     _FDIV                                     6032      1E      30       4   RUNTIME     
- VARIABLES:
MODULE:                 -- FREGS.C.o (ansis.lib) --
- PROCEDURES:
     F_PULK                                    6050      15      21       4   RUNTIME     
     F_PULL                                    6065      15      21       4   RUNTIME     
     F_PSHK                                    607A      13      19       6   RUNTIME     
     F_TLK                                     608D       D      13       1   RUNTIME     
     F_XGKL                                    609A      21      33       2   RUNTIME     
     F_CLRK                                    60BB       B      11       2   RUNTIME     
     F_MAXK                                    60C6       9       9       2   RUNTIME     
     F_NORMK                                   60CF      3E      62       4   RUNTIME     
- VARIABLES:
MODULE:                 -- rtshc12.c.o (ansis.lib) --
- PROCEDURES:
     _BDIVMODS                                 610D       B      11       4   RUNTIME     
     _ISHL                                     6118       B      11       1   RUNTIME     
     _LCMP_P                                   6123      15      21       4   RUNTIME     
     _LNEG                                     6138       D      13       3   RUNTIME     
     _LMULS16x32                               6145      1F      31       1   RUNTIME     
     _lDivMod                                  6164      BE     190       2   RUNTIME     
     _LDIVU                                    6222       E      14       2   RUNTIME     
     _NEG_P                                    6230       F      15       1   RUNTIME     
     _LMODU                                    623F      11      17       1   RUNTIME     
     _ILSEXT                                   6250       7       7       7   RUNTIME     
     _CASE_DIRECT_BYTE                         6257       5       5       1   RUNTIME     
     _CASE_CHECKED_BYTE                        625C      14      20       4   RUNTIME     
     _CASE_SEARCH_8                            6270      17      23       2   RUNTIME     
     _CASE_SEARCH_8_BYTE                       6287      1A      26       1   RUNTIME     
- VARIABLES:
     errno                                     17E2       2       2       3   .common     
MODULE:                 -- VREGS.C.o (ansis.lib) --
- PROCEDURES:
     L_NEGK                                    62A1       7       7       2   RUNTIME     
     L_PSHK                                    62A8       8       8       1   RUNTIME     
     UL_PULK                                   62B0       3       3       1   RUNTIME     
     SL_PULK                                   62B3       A      10       1   RUNTIME     
- VARIABLES:
MODULE:                 -- projectvectors.c.o --
- PROCEDURES:
     software_trap                             5922       2       2      56   .text       
     pwm_shutdown_isr                          41DB       4       4       0   NON_BANKED  
     portp_isr                                 41DF       4       4       0   NON_BANKED  
     mscan4_tx_isr                             41E3       4       4       0   NON_BANKED  
     mscan4_rx_isr                             41E7       4       4       0   NON_BANKED  
     mscan4_error_isr                          41EB       4       4       0   NON_BANKED  
     mscan4_wakeup_isr                         41EF       4       4       0   NON_BANKED  
     mscan3_tx_isr                             41F3       4       4       0   NON_BANKED  
     mscan3_rx_isr                             41F7       4       4       0   NON_BANKED  
     mscan3_error_isr                          41FB       4       4       0   NON_BANKED  
     mscan3_wakeup_isr                         41FF       4       4       0   NON_BANKED  
     mscan2_tx_isr                             4203       4       4       0   NON_BANKED  
     mscan2_rx_isr                             4207       4       4       0   NON_BANKED  
     mscan2_error_isr                          420B       4       4       0   NON_BANKED  
     mscan2_wakeup_isr                         420F       4       4       0   NON_BANKED  
     mscan1_tx_isr                             4213       4       4       0   NON_BANKED  
     mscan1_rx_isr                             4217       4       4       0   NON_BANKED  
     mscan1_error_isr                          421B       4       4       0   NON_BANKED  
     mscan1_wakeup_isr                         421F       4       4       0   NON_BANKED  
     mscan0_tx_isr                             4223       4       4       0   NON_BANKED  
     mscan0_rx_isr                             4227       4       4       0   NON_BANKED  
     mscan0_error_isr                          422B       4       4       0   NON_BANKED  
     mscan0_wakeup_isr                         422F       4       4       0   NON_BANKED  
     flash_isr                                 4233       4       4       0   NON_BANKED  
     eeprom_isr                                4237       4       4       0   NON_BANKED  
     spi2_isr                                  423B       4       4       0   NON_BANKED  
     spi1_isr                                  423F       4       4       0   NON_BANKED  
     iic_isr                                   4243       4       4       0   NON_BANKED  
     bdlc_isr                                  4247       4       4       0   NON_BANKED  
     crg_scm_isr                               424B       4       4       0   NON_BANKED  
     crg_pll_lock_isr                          424F       4       4       0   NON_BANKED  
     pa_b_overflow_isr                         4253       4       4       0   NON_BANKED  
     ect_mdc_isr                               4257       4       4       0   NON_BANKED  
     porth_isr                                 425B       4       4       0   NON_BANKED  
     portj_isr                                 425F       4       4       0   NON_BANKED  
     atd1_isr                                  4263       4       4       0   NON_BANKED  
     atd0_isr                                  4267       4       4       0   NON_BANKED  
     sci1_isr                                  426B       4       4       0   NON_BANKED  
     sci0_isr                                  426F       4       4       0   NON_BANKED  
     spi0_isr                                  4273       4       4       0   NON_BANKED  
     pa_a_edge_isr                             4277       4       4       0   NON_BANKED  
     pa_a_overflow_isr                         427B       4       4       0   NON_BANKED  
     ect_overflow_isr                          427F       4       4       0   NON_BANKED  
     ect_ch7_isr                               4283       4       4       0   NON_BANKED  
     ect_ch6_isr                               4287       4       4       0   NON_BANKED  
     ect_ch5_isr                               428B       4       4       0   NON_BANKED  
     ect_ch4_isr                               428F       4       4       0   NON_BANKED  
     ect_ch3_isr                               4293       4       4       0   NON_BANKED  
     ect_ch2_isr                               4297       4       4       0   NON_BANKED  
     ect_ch1_isr                               429B       4       4       0   NON_BANKED  
     ect_ch0_isr                               429F       4       4       0   NON_BANKED  
     rti_isr                                   42A3       4       4       0   NON_BANKED  
     irq_isr                                   42A7       4       4       0   NON_BANKED  
     xirq_isr                                  42AB       4       4       0   NON_BANKED  
     swi_isr                                   42AF       4       4       0   NON_BANKED  
     trap_isr                                  42B3       4       4       0   NON_BANKED  
     cop_isr                                   42B7       4       4       0   NON_BANKED  
     clockmonitor_isr                          42BB       4       4       0   NON_BANKED  
- VARIABLES:
MODULE:                 -- main.c.o --
- PROCEDURES:
     LED_CONTROL                               5924      A3     163       1   .text       
     LCD_CONTROL                               59C7      3E      62       1   .text       
     main                                      5A05      62      98       0   .text       
- VARIABLES:
     STRING..d.1                               4126       3       3       1   .rodata1    
     STRING..x.2                               4129       3       3       1   .rodata1    
     STRING.Value.1....3d.3                    412C       E      14       1   .rodata1    
     STRING.Value.2....3d.4                    413A       E      14       1   .rodata1    
     STRING.SCI.OK.5                           4148       7       7       1   .rodata1    
     STRING.Init.Complete.6                    414F       E      14       1   .rodata1    
     digit                                     100A       2       2      11   .bss        
     df                                        17E4       2       2       4   .common     
     RX                                        17E6      23      35       1   .common     
     LCD_LINE_1                                1809      11      17       2   .common     
     LCD_LINE_2                                181A      11      17       2   .common     
MODULE:                 -- per_DP256_K79X.c.o --
- PROCEDURES:
- VARIABLES:
     Regs                                         0      30      48      10   .abs_section_0
     Page                                        30       4       4       0   .abs_section_30
     Crg                                         34       C      12       0   .abs_section_34
     Tim0                                        40      40      64       0   .abs_section_40
     Atd0                                        80      20      32       0   .abs_section_80
     Pwm                                         A0      28      40       0   .abs_section_a0
     Sci0                                        C8       8       8       9   .abs_section_c8
     Sci1                                        D0       8       8       0   .abs_section_d0
     Spi0                                        D8       8       8       0   .abs_section_d8
     Iic                                         E0       8       8       0   .abs_section_e0
     Bdlc                                        E8       8       8       0   .abs_section_e8
     Spi1                                        F0       8       8       0   .abs_section_f0
     Spi2                                        F8       8       8       0   .abs_section_f8
     Flash                                      100      10      16       0   .abs_section_100
     Eeprom                                     110       C      12       0   .abs_section_110
     Atd1                                       120      20      32       0   .abs_section_120
     Can0                                       140      40      64       0   .abs_section_140
     Can1                                       180      40      64       0   .abs_section_180
     Can2                                       1C0      40      64       0   .abs_section_1c0
     Can3                                       200      40      64       0   .abs_section_200
     Pim                                        240      30      48       6   .abs_section_240
     Can4                                       280      40      64       0   .abs_section_280
MODULE:                 -- dataframe.c.o --
- PROCEDURES:
     InitFormatTable                           5A67      32      50       1   .text       
     DataCheck                                 5A99      49      73       1   .text       
     GetDataFrame                              5AE2      B5     181       1   .text       
- VARIABLES:
     BYTE_SIZE_TYPE                            4120       6       6       2   .rodata     
     STRING...2d.1d.2d.1d.....s.1              415D      14      20       1   .rodata1    
     VALID_TABLE                               182B      3C      60      10   .common     
MODULE:                 -- interrupt.c.o --
- PROCEDURES:
     ini_interrupt                             5B97       C      12       1   .text       
- VARIABLES:
MODULE:                 -- lcd.c.o --
- PROCEDURES:
     init_LCD                                  5BA3      18      24       1   .text       
     set_inst_register                         5BBB      26      38       6   .text       
     write_data                                5BE1      26      38       1   .text       
     write_string                              5C07      2C      44       2   .text       
     ms_delay                                  5C33      24      36       2   .text       
- VARIABLES:
MODULE:                 -- led.c.o --
- PROCEDURES:
     init_led                                  5C57       E      14       1   .text       
     set_led                                   5C65      15      21       1   .text       
- VARIABLES:
MODULE:                 -- queue.c.o --
- PROCEDURES:
     QueuePush                                 5C7A      48      72       1   .text       
     QueuePop                                  5CC2      32      50       1   .text       
- VARIABLES:
     Head                                      100C       2       2       7   .bss        
     Tail                                      100E       2       2       7   .bss        
MODULE:                 -- sci.c.o --
- PROCEDURES:
     init_sci0                                 5CF4      15      21       1   .text       
     write_sci0                                5D09       7       7       2   .text       
     sci0_handler                              5D10      54      84       1   .text       
- VARIABLES:
     rxoffset_sci0                             1010       2       2       5   .bss        
     txbuffer_sci0                             1867       2       2       5   .common     
     txoffset_sci0                             1869       2       2       1   .common     
     rxbuffer_sci0                             186B       2       2       6   .common     
MODULE:                 -- exception.c.o --
- PROCEDURES:
     ExceptionHandling                         5D64      52      82       1   .text       
- VARIABLES:
     STRING.OverDataSize.1                     4171       D      13       1   .rodata1    
     STRING.LossDataSize.2                     417E       D      13       1   .rodata1    
     STRING.OverGroupCnt.3                     418B       D      13       1   .rodata1    
     STRING.OverClassCnt.4                     4198       D      13       1   .rodata1    
     STRING.OverFormatCnt.5                    41A5       E      14       1   .rodata1    
     STRING.CantFindCmd_LED.6                  41B3      10      16       1   .rodata1    
     STRING.CantFindCmd_LCD.7                  41C3      10      16       1   .rodata1    
     STRING.Timeout.8                          41D3       8       8       1   .rodata1    

*********************************************************************************************
MODULE STATISTIC
  Name                                      Data   Code  Const
---------------------------------------------------------------------------------------------
  START12.C.o                                  0     57      0
  CTYPE.C.o (ansis.lib)                        0     57      0
  HEAP.C.o (ansis.lib)                      2000     12      0
  MATH.C.o (ansis.lib)                         0      0      4
  PRINTF.C.o (ansis.lib)                       6   2580    212
  SCANF.C.o (ansis.lib)                        0   1138      0
  STDLIB.C.o (ansis.lib)                       0   1558      0
  STRING.C.o (ansis.lib)                       0     24      0
  ALLOC.C.o (ansis.lib)                        4    362      0
  FADD.C.o (ansis.lib)                         0    154      0
  FANSI.C.o (ansis.lib)                        0     56      0
  FCMP.C.o (ansis.lib)                         0     38      0
  FCONV.C.o (ansis.lib)                        0    138      0
  FMUL.C.o (ansis.lib)                         0    280      0
  FREGS.C.o (ansis.lib)                        0    189      0
  rtshc12.c.o (ansis.lib)                      2    404      0
  VREGS.C.o (ansis.lib)                        0     28      0
  projectvectors.c.o                           0    230      0
  main.c.o                                    73    323     55
  per_DP256_K79X.c.o                         684      0      0
  dataframe.c.o                               60    304     26
  interrupt.c.o                                0     12      0
  lcd.c.o                                      0    180      0
  led.c.o                                      0     35      0
  queue.c.o                                    4    122      0
  sci.c.o                                      8    112      0
  exception.c.o                                0     82    106
  other                                     1024    131      2

*********************************************************************************************
SECTION USE IN OBJECT-ALLOCATION SECTION
---------------------------------------------------------------------------------------------
SECTION: ".text"
  isdigit isspace toupper _heapcrash_ Ten vprintf _out deposit_char sprintf 
  _getNum _copyList vsscanf sscanf CheckCharWithBase _strtoul _strtol strtol 
  _strtod memset malloc free software_trap LED_CONTROL LCD_CONTROL main 
  InitFormatTable DataCheck GetDataFrame ini_interrupt init_LCD 
  set_inst_register write_data write_string ms_delay init_led set_led QueuePush 
  QueuePop init_sci0 write_sci0 sci0_handler ExceptionHandling 
SECTION: ".bss"
  pbuf heap_end free_ptr digit Head Tail rxoffset_sci0 
SECTION: ".init"
  Init _Startup 
SECTION: ".rodata"
  infinity pow10 pow16 pow8 fpow10 fpow_10 BYTE_SIZE_TYPE 
SECTION: ".rodata1"
  STRING..d.1 STRING..x.2 STRING.Value.1....3d.3 STRING.Value.2....3d.4 
  STRING.SCI.OK.5 STRING.Init.Complete.6 STRING...2d.1d.2d.1d.....s.1 
  STRING.OverDataSize.1 STRING.LossDataSize.2 STRING.OverGroupCnt.3 
  STRING.OverClassCnt.4 STRING.OverFormatCnt.5 STRING.CantFindCmd_LED.6 
  STRING.CantFindCmd_LCD.7 STRING.Timeout.8 
SECTION: "NON_BANKED"
  pwm_shutdown_isr portp_isr mscan4_tx_isr mscan4_rx_isr mscan4_error_isr 
  mscan4_wakeup_isr mscan3_tx_isr mscan3_rx_isr mscan3_error_isr 
  mscan3_wakeup_isr mscan2_tx_isr mscan2_rx_isr mscan2_error_isr 
  mscan2_wakeup_isr mscan1_tx_isr mscan1_rx_isr mscan1_error_isr 
  mscan1_wakeup_isr mscan0_tx_isr mscan0_rx_isr mscan0_error_isr 
  mscan0_wakeup_isr flash_isr eeprom_isr spi2_isr spi1_isr iic_isr bdlc_isr 
  crg_scm_isr crg_pll_lock_isr pa_b_overflow_isr ect_mdc_isr porth_isr 
  portj_isr atd1_isr atd0_isr sci1_isr sci0_isr spi0_isr pa_a_edge_isr 
  pa_a_overflow_isr ect_overflow_isr ect_ch7_isr ect_ch6_isr ect_ch5_isr 
  ect_ch4_isr ect_ch3_isr ect_ch2_isr ect_ch1_isr ect_ch0_isr rti_isr irq_isr 
  xirq_isr swi_isr trap_isr cop_isr clockmonitor_isr 
SECTION: "HEAP_SEGMENT"
  _heap_ 
SECTION: ".common"
  errno df RX LCD_LINE_1 LCD_LINE_2 VALID_TABLE txbuffer_sci0 txoffset_sci0 
  rxbuffer_sci0 
SECTION: "RUNTIME"
  F_ADDKL _FADD _FSUB _FNEG F_FREXP frexpf _FCMP F_TOLONGK F_FRLONGK _FSFLOAT 
  _FUFLOAT _FSTRUNC _FUTRUNC F_DIVKL F_MULKL _FMUL _FDIV F_PULK F_PULL F_PSHK 
  F_TLK F_XGKL F_CLRK F_MAXK F_NORMK _BDIVMODS _ISHL _LCMP_P _LNEG _LMULS16x32 
  _lDivMod _LDIVU _NEG_P _LMODU _ILSEXT _CASE_DIRECT_BYTE _CASE_CHECKED_BYTE 
  _CASE_SEARCH_8 _CASE_SEARCH_8_BYTE L_NEGK L_PSHK UL_PULK SL_PULK 
SECTION: ".abs_section_0"
  Regs 
SECTION: ".abs_section_30"
  Page 
SECTION: ".abs_section_34"
  Crg 
SECTION: ".abs_section_40"
  Tim0 
SECTION: ".abs_section_80"
  Atd0 
SECTION: ".abs_section_a0"
  Pwm 
SECTION: ".abs_section_c8"
  Sci0 
SECTION: ".abs_section_d0"
  Sci1 
SECTION: ".abs_section_d8"
  Spi0 
SECTION: ".abs_section_e0"
  Iic 
SECTION: ".abs_section_e8"
  Bdlc 
SECTION: ".abs_section_f0"
  Spi1 
SECTION: ".abs_section_f8"
  Spi2 
SECTION: ".abs_section_100"
  Flash 
SECTION: ".abs_section_110"
  Eeprom 
SECTION: ".abs_section_120"
  Atd1 
SECTION: ".abs_section_140"
  Can0 
SECTION: ".abs_section_180"
  Can1 
SECTION: ".abs_section_1c0"
  Can2 
SECTION: ".abs_section_200"
  Can3 
SECTION: ".abs_section_240"
  Pim 
SECTION: ".abs_section_280"
  Can4 

*********************************************************************************************
OBJECT LIST SORTED BY ADDRESS
     Name                                      Addr   hSize   dSize     Ref    Section   RLIB
---------------------------------------------------------------------------------------------
     Regs                                         0      30      48      10   .abs_section_0
     Page                                        30       4       4       0   .abs_section_30
     Crg                                         34       C      12       0   .abs_section_34
     Tim0                                        40      40      64       0   .abs_section_40
     Atd0                                        80      20      32       0   .abs_section_80
     Pwm                                         A0      28      40       0   .abs_section_a0
     Sci0                                        C8       8       8       9   .abs_section_c8
     Sci1                                        D0       8       8       0   .abs_section_d0
     Spi0                                        D8       8       8       0   .abs_section_d8
     Iic                                         E0       8       8       0   .abs_section_e0
     Bdlc                                        E8       8       8       0   .abs_section_e8
     Spi1                                        F0       8       8       0   .abs_section_f0
     Spi2                                        F8       8       8       0   .abs_section_f8
     Flash                                      100      10      16       0   .abs_section_100
     Eeprom                                     110       C      12       0   .abs_section_110
     Atd1                                       120      20      32       0   .abs_section_120
     Can0                                       140      40      64       0   .abs_section_140
     Can1                                       180      40      64       0   .abs_section_180
     Can2                                       1C0      40      64       0   .abs_section_1c0
     Can3                                       200      40      64       0   .abs_section_200
     Pim                                        240      30      48       6   .abs_section_240
     Can4                                       280      40      64       0   .abs_section_280
     pbuf                                      1000       6       6      15   .bss        
     heap_end                                  1006       2       2       3   .bss        
     free_ptr                                  1008       2       2       8   .bss        
     digit                                     100A       2       2      11   .bss        
     Head                                      100C       2       2       7   .bss        
     Tail                                      100E       2       2       7   .bss        
     rxoffset_sci0                             1010       2       2       5   .bss        
     _heap_                                    1012     7D0    2000       2   HEAP_SEGMENT
     errno                                     17E2       2       2       3   .common     
     df                                        17E4       2       2       4   .common     
     RX                                        17E6      23      35       1   .common     
     LCD_LINE_1                                1809      11      17       2   .common     
     LCD_LINE_2                                181A      11      17       2   .common     
     VALID_TABLE                               182B      3C      60      10   .common     
     txbuffer_sci0                             1867       2       2       5   .common     
     txoffset_sci0                             1869       2       2       1   .common     
     rxbuffer_sci0                             186B       2       2       6   .common     
     Init                                      4000      29      41       1   .init       
     _Startup                                  4029      10      16       0   .init       
     infinity                                  4048       4       4       2   .rodata     
     pow10                                     404C      28      40       6   .rodata     
     pow16                                     4074      20      32       4   .rodata     
     pow8                                      4094      2C      44       4   .rodata     
     fpow10                                    40C0      30      48       1   .rodata     
     fpow_10                                   40F0      30      48       1   .rodata     
     BYTE_SIZE_TYPE                            4120       6       6       2   .rodata     
     STRING..d.1                               4126       3       3       1   .rodata1    
     STRING..x.2                               4129       3       3       1   .rodata1    
     STRING.Value.1....3d.3                    412C       E      14       1   .rodata1    
     STRING.Value.2....3d.4                    413A       E      14       1   .rodata1    
     STRING.SCI.OK.5                           4148       7       7       1   .rodata1    
     STRING.Init.Complete.6                    414F       E      14       1   .rodata1    
     STRING...2d.1d.2d.1d.....s.1              415D      14      20       1   .rodata1    
     STRING.OverDataSize.1                     4171       D      13       1   .rodata1    
     STRING.LossDataSize.2                     417E       D      13       1   .rodata1    
     STRING.OverGroupCnt.3                     418B       D      13       1   .rodata1    
     STRING.OverClassCnt.4                     4198       D      13       1   .rodata1    
     STRING.OverFormatCnt.5                    41A5       E      14       1   .rodata1    
     STRING.CantFindCmd_LED.6                  41B3      10      16       1   .rodata1    
     STRING.CantFindCmd_LCD.7                  41C3      10      16       1   .rodata1    
     STRING.Timeout.8                          41D3       8       8       1   .rodata1    
     pwm_shutdown_isr                          41DB       4       4       0   NON_BANKED  
     portp_isr                                 41DF       4       4       0   NON_BANKED  
     mscan4_tx_isr                             41E3       4       4       0   NON_BANKED  
     mscan4_rx_isr                             41E7       4       4       0   NON_BANKED  
     mscan4_error_isr                          41EB       4       4       0   NON_BANKED  
     mscan4_wakeup_isr                         41EF       4       4       0   NON_BANKED  
     mscan3_tx_isr                             41F3       4       4       0   NON_BANKED  
     mscan3_rx_isr                             41F7       4       4       0   NON_BANKED  
     mscan3_error_isr                          41FB       4       4       0   NON_BANKED  
     mscan3_wakeup_isr                         41FF       4       4       0   NON_BANKED  
     mscan2_tx_isr                             4203       4       4       0   NON_BANKED  
     mscan2_rx_isr                             4207       4       4       0   NON_BANKED  
     mscan2_error_isr                          420B       4       4       0   NON_BANKED  
     mscan2_wakeup_isr                         420F       4       4       0   NON_BANKED  
     mscan1_tx_isr                             4213       4       4       0   NON_BANKED  
     mscan1_rx_isr                             4217       4       4       0   NON_BANKED  
     mscan1_error_isr                          421B       4       4       0   NON_BANKED  
     mscan1_wakeup_isr                         421F       4       4       0   NON_BANKED  
     mscan0_tx_isr                             4223       4       4       0   NON_BANKED  
     mscan0_rx_isr                             4227       4       4       0   NON_BANKED  
     mscan0_error_isr                          422B       4       4       0   NON_BANKED  
     mscan0_wakeup_isr                         422F       4       4       0   NON_BANKED  
     flash_isr                                 4233       4       4       0   NON_BANKED  
     eeprom_isr                                4237       4       4       0   NON_BANKED  
     spi2_isr                                  423B       4       4       0   NON_BANKED  
     spi1_isr                                  423F       4       4       0   NON_BANKED  
     iic_isr                                   4243       4       4       0   NON_BANKED  
     bdlc_isr                                  4247       4       4       0   NON_BANKED  
     crg_scm_isr                               424B       4       4       0   NON_BANKED  
     crg_pll_lock_isr                          424F       4       4       0   NON_BANKED  
     pa_b_overflow_isr                         4253       4       4       0   NON_BANKED  
     ect_mdc_isr                               4257       4       4       0   NON_BANKED  
     porth_isr                                 425B       4       4       0   NON_BANKED  
     portj_isr                                 425F       4       4       0   NON_BANKED  
     atd1_isr                                  4263       4       4       0   NON_BANKED  
     atd0_isr                                  4267       4       4       0   NON_BANKED  
     sci1_isr                                  426B       4       4       0   NON_BANKED  
     sci0_isr                                  426F       4       4       0   NON_BANKED  
     spi0_isr                                  4273       4       4       0   NON_BANKED  
     pa_a_edge_isr                             4277       4       4       0   NON_BANKED  
     pa_a_overflow_isr                         427B       4       4       0   NON_BANKED  
     ect_overflow_isr                          427F       4       4       0   NON_BANKED  
     ect_ch7_isr                               4283       4       4       0   NON_BANKED  
     ect_ch6_isr                               4287       4       4       0   NON_BANKED  
     ect_ch5_isr                               428B       4       4       0   NON_BANKED  
     ect_ch4_isr                               428F       4       4       0   NON_BANKED  
     ect_ch3_isr                               4293       4       4       0   NON_BANKED  
     ect_ch2_isr                               4297       4       4       0   NON_BANKED  
     ect_ch1_isr                               429B       4       4       0   NON_BANKED  
     ect_ch0_isr                               429F       4       4       0   NON_BANKED  
     rti_isr                                   42A3       4       4       0   NON_BANKED  
     irq_isr                                   42A7       4       4       0   NON_BANKED  
     xirq_isr                                  42AB       4       4       0   NON_BANKED  
     swi_isr                                   42AF       4       4       0   NON_BANKED  
     trap_isr                                  42B3       4       4       0   NON_BANKED  
     cop_isr                                   42B7       4       4       0   NON_BANKED  
     clockmonitor_isr                          42BB       4       4       0   NON_BANKED  
     isdigit                                   42BF       E      14       3   .text       
     isspace                                   42CD      17      23       6   .text       
     toupper                                   42E4      14      20       4   .text       
     _heapcrash_                               42F8       C      12       3   .text       
     Ten                                       4304      AC     172       3   .text       
     vprintf                                   43B0     924    2340     110   .text       
     _out                                      4CD4       C      12      17   .text       
     deposit_char                              4CE0       F      15       1   .text       
     sprintf                                   4CEF      29      41       2   .text       
     _getNum                                   4D18      37      55       1   .text       
     _copyList                                 4D4F      B5     181       1   .text       
     vsscanf                                   4E04     376     886      50   .text       
     sscanf                                    517A      10      16       3   .text       
     CheckCharWithBase                         518A      39      57       1   .text       
     _strtoul                                  51C3     170     368       8   .text       
     _strtol                                   5333      D0     208       4   .text       
     strtol                                    5403      13      19       1   .text       
     _strtod                                   5416     38A     906      20   .text       
     memset                                    57A0      18      24       1   .text       
     malloc                                    57B8      A6     166       2   .text       
     free                                      585E      C4     196       4   .text       
     software_trap                             5922       2       2      56   .text       
     LED_CONTROL                               5924      A3     163       1   .text       
     LCD_CONTROL                               59C7      3E      62       1   .text       
     main                                      5A05      62      98       0   .text       
     InitFormatTable                           5A67      32      50       1   .text       
     DataCheck                                 5A99      49      73       1   .text       
     GetDataFrame                              5AE2      B5     181       1   .text       
     ini_interrupt                             5B97       C      12       1   .text       
     init_LCD                                  5BA3      18      24       1   .text       
     set_inst_register                         5BBB      26      38       6   .text       
     write_data                                5BE1      26      38       1   .text       
     write_string                              5C07      2C      44       2   .text       
     ms_delay                                  5C33      24      36       2   .text       
     init_led                                  5C57       E      14       1   .text       
     set_led                                   5C65      15      21       1   .text       
     QueuePush                                 5C7A      48      72       1   .text       
     QueuePop                                  5CC2      32      50       1   .text       
     init_sci0                                 5CF4      15      21       1   .text       
     write_sci0                                5D09       7       7       2   .text       
     sci0_handler                              5D10      54      84       1   .text       
     ExceptionHandling                         5D64      52      82       1   .text       
     F_ADDKL                                   5DB6      67     103       1   RUNTIME     
     _FADD                                     5E1D      15      21       6   RUNTIME     
     _FSUB                                     5E32      13      19       2   RUNTIME     
     _FNEG                                     5E45       B      11       2   RUNTIME     
     F_FREXP                                   5E50      1F      31       1   RUNTIME     
     frexpf                                    5E6F      19      25       1   RUNTIME     
     _FCMP                                     5E88      26      38       5   RUNTIME     
     F_TOLONGK                                 5EAE      33      51       1   RUNTIME     
     F_FRLONGK                                 5EE1      1F      31       2   RUNTIME     
     _FSFLOAT                                  5F00      12      18       3   RUNTIME     
     _FUFLOAT                                  5F12      12      18       1   RUNTIME     
     _FSTRUNC                                  5F24      11      17       1   RUNTIME     
     _FUTRUNC                                  5F35       3       3       2   RUNTIME     
     F_DIVKL                                   5F38      8E     142       1   RUNTIME     
     F_MULKL                                   5FC6      58      88       1   RUNTIME     
     _FMUL                                     601E      14      20      10   RUNTIME     
     _FDIV                                     6032      1E      30       4   RUNTIME     
     F_PULK                                    6050      15      21       4   RUNTIME     
     F_PULL                                    6065      15      21       4   RUNTIME     
     F_PSHK                                    607A      13      19       6   RUNTIME     
     F_TLK                                     608D       D      13       1   RUNTIME     
     F_XGKL                                    609A      21      33       2   RUNTIME     
     F_CLRK                                    60BB       B      11       2   RUNTIME     
     F_MAXK                                    60C6       9       9       2   RUNTIME     
     F_NORMK                                   60CF      3E      62       4   RUNTIME     
     _BDIVMODS                                 610D       B      11       4   RUNTIME     
     _ISHL                                     6118       B      11       1   RUNTIME     
     _LCMP_P                                   6123      15      21       4   RUNTIME     
     _LNEG                                     6138       D      13       3   RUNTIME     
     _LMULS16x32                               6145      1F      31       1   RUNTIME     
     _lDivMod                                  6164      BE     190       2   RUNTIME     
     _LDIVU                                    6222       E      14       2   RUNTIME     
     _NEG_P                                    6230       F      15       1   RUNTIME     
     _LMODU                                    623F      11      17       1   RUNTIME     
     _ILSEXT                                   6250       7       7       7   RUNTIME     
     _CASE_DIRECT_BYTE                         6257       5       5       1   RUNTIME     
     _CASE_CHECKED_BYTE                        625C      14      20       4   RUNTIME     
     _CASE_SEARCH_8                            6270      17      23       2   RUNTIME     
     _CASE_SEARCH_8_BYTE                       6287      1A      26       1   RUNTIME     
     L_NEGK                                    62A1       7       7       2   RUNTIME     
     L_PSHK                                    62A8       8       8       1   RUNTIME     
     UL_PULK                                   62B0       3       3       1   RUNTIME     
     SL_PULK                                   62B3       A      10       1   RUNTIME     

*********************************************************************************************
UNUSED-OBJECTS SECTION
---------------------------------------------------------------------------------------------
NOT USED PROCEDURES
CTYPE.C.o (ansis.lib):
  isalnum isalpha iscntrl isgraph islower isprint ispunct isupper isxdigit 
  tolower 
MATH.C.o (ansis.lib):
  copysign logb fabs isint is_special pow_i exp_r exp log_r log log10 pow 
  sincos tan sin cos sqrt_r sqrt SetSign atan2 asin acos atan sncsh sinh cosh 
  tanh ceil floor fmod 
PRINTF.C.o (ansis.lib):
  set_printf vsprintf snprintf vsnprintf 
STDLIB.C.o (ansis.lib):
  atexit getenv system mblen mbtowc wctomb mbstowcs wcstombs strtoul strtod 
  _itoa bsearch swap qsort div ldiv abs labs rand srand 
STRING.C.o (ansis.lib):
  strerror memchr memcmp memcpy2 memcpy _memcpy_8bitCount memmove 
  _memset_clear_8bitCount strlen strset strcat strncat strcpy strncpy strcmp 
  strncmp strchr strrchr strspn strcspn strpbrk strstr strtok strcoll strxfrm 
ALLOC.C.o (ansis.lib):
  calloc realloc 
FADD.C.o (ansis.lib):
  _FINC _FDEC _FABS 
FANSI.C.o (ansis.lib):
  F_MODF F_LDEXP modff RetErrDom ldexpf 
FREGS.C.o (ansis.lib):
  F_STAL F_TKL F_CLRL 
rtshc12.c.o (ansis.lib):
  _BSHL _BSHRS _BSHRU _BDIVMODU _ISHRU _ISHRS _LSHL _LSHRU _LSHRS _LADD _LSUB 
  _LAND _LOR _LXOR _LCMP _LCMP_PP _LCOM _LINC _LDEC _LMUL _LMULU16x32 _LDIVS 
  _LMODS _COPY _CASE_DIRECT _CASE_CHECKED _CASE_SEARCH _CASE_SEARCH_BYTE _FCALL 
  _FPCMP 
projectvectors.c.o:
  unused_isr 
interrupt.c.o:
  interruptJ_function 
led.c.o:
  set_led_counter 
queue.c.o:
  QueueFront 
NOT USED VARIABLES
CTYPE.C.o (ansis.lib):
  _ctype 
MATH.C.o (ansis.lib):
  nan_union small.1 big.2 
STDLIB.C.o (ansis.lib):
  seed channels 
STRING.C.o (ansis.lib):
  STRING..1 next.2 
rtshc12.c.o (ansis.lib):
  _PowOfTwo_8 _PowOfTwo_16 _PowOfTwo_32 

*********************************************************************************************
COPYDOWN SECTION
---------------------------------------------------------------------------------------------
------- ROM-ADDRESS: 0x62BD ---- SIZE       2 ---
Filling bytes inserted
 0000

*********************************************************************************************
OBJECT-DEPENDENCIES SECTION
---------------------------------------------------------------------------------------------
Init                      USES _startupData 
_Startup                  USES _startupData __SEG_END_SSTACK Init 
pwm_shutdown_isr          USES software_trap 
portp_isr                 USES software_trap 
mscan4_tx_isr             USES software_trap 
mscan4_rx_isr             USES software_trap 
mscan4_error_isr          USES software_trap 
mscan4_wakeup_isr         USES software_trap 
mscan3_tx_isr             USES software_trap 
mscan3_rx_isr             USES software_trap 
mscan3_error_isr          USES software_trap 
mscan3_wakeup_isr         USES software_trap 
mscan2_tx_isr             USES software_trap 
mscan2_rx_isr             USES software_trap 
mscan2_error_isr          USES software_trap 
mscan2_wakeup_isr         USES software_trap 
mscan1_tx_isr             USES software_trap 
mscan1_rx_isr             USES software_trap 
mscan1_error_isr          USES software_trap 
mscan1_wakeup_isr         USES software_trap 
mscan0_tx_isr             USES software_trap 
mscan0_rx_isr             USES software_trap 
mscan0_error_isr          USES software_trap 
mscan0_wakeup_isr         USES software_trap 
flash_isr                 USES software_trap 
eeprom_isr                USES software_trap 
spi2_isr                  USES software_trap 
spi1_isr                  USES software_trap 
iic_isr                   USES software_trap 
bdlc_isr                  USES software_trap 
crg_scm_isr               USES software_trap 
crg_pll_lock_isr          USES software_trap 
pa_b_overflow_isr         USES software_trap 
ect_mdc_isr               USES software_trap 
porth_isr                 USES software_trap 
portj_isr                 USES software_trap 
atd1_isr                  USES software_trap 
atd0_isr                  USES software_trap 
sci1_isr                  USES software_trap 
sci0_isr                  USES sci0_handler 
spi0_isr                  USES software_trap 
pa_a_edge_isr             USES software_trap 
pa_a_overflow_isr         USES software_trap 
ect_overflow_isr          USES software_trap 
ect_ch7_isr               USES software_trap 
ect_ch6_isr               USES software_trap 
ect_ch5_isr               USES software_trap 
ect_ch4_isr               USES software_trap 
ect_ch3_isr               USES software_trap 
ect_ch2_isr               USES software_trap 
ect_ch1_isr               USES software_trap 
ect_ch0_isr               USES software_trap 
rti_isr                   USES software_trap 
irq_isr                   USES software_trap 
xirq_isr                  USES software_trap 
swi_isr                   USES software_trap 
trap_isr                  USES software_trap 
cop_isr                   USES software_trap 
clockmonitor_isr          USES software_trap 
Ten                       USES fpow10 fpow_10 Ten _FMUL 
vprintf                   USES vprintf _out _CASE_SEARCH_8_BYTE 
                                _CASE_DIRECT_BYTE _CASE_SEARCH_8 pbuf _ILSEXT _LNEG pow8 _LCMP_P 
                                pow16 pow10 _FNEG frexpf _FMUL _FADD _BDIVMODS Ten 
                                _FUTRUNC _FUFLOAT _FSUB _LDIVU _FCMP _LMODU 
_out                      USES pbuf 
deposit_char              USES pbuf 
sprintf                   USES pbuf deposit_char vprintf 
vsscanf                   USES vsscanf isspace _getNum _CASE_SEARCH_8 
                                _CASE_CHECKED_BYTE _strtod _ILSEXT _copyList _strtol 
sscanf                    USES vsscanf 
CheckCharWithBase         USES toupper 
_strtoul                  USES _strtoul isspace toupper _ILSEXT _LDIVU _LCMP_P 
                                _LMULS16x32 errno CheckCharWithBase 
_strtol                   USES _strtol isspace isdigit _strtoul errno _LNEG 
strtol                    USES _strtol 
_strtod                   USES isspace isdigit _CASE_CHECKED_BYTE _strtod 
                                _FCMP _FSFLOAT _FSUB _FADD _ILSEXT _FDIV _FMUL 
                                toupper infinity errno _FNEG 
malloc                    USES heap_end _heap_ free_ptr _heapcrash_ 
free                      USES _heap_ heap_end free free_ptr _heapcrash_ 
LED_CONTROL               USES _CASE_CHECKED_BYTE digit STRING..d.1 sscanf 
                                STRING..x.2 BYTE_SIZE_TYPE set_led strtol _ISHL 
LCD_CONTROL               USES STRING.Value.1....3d.3 LCD_LINE_1 sprintf 
                                STRING.Value.2....3d.4 LCD_LINE_2 write_string 
main                      USES ini_interrupt RX init_sci0 STRING.SCI.OK.5 
                                write_sci0 init_led init_LCD STRING.Init.Complete.6 
                                write_string InitFormatTable QueuePop df set_inst_register 
                                LED_CONTROL LCD_CONTROL free 
InitFormatTable           USES VALID_TABLE memset 
GetDataFrame              USES malloc STRING...2d.1d.2d.1d.....s.1 sscanf 
                                VALID_TABLE BYTE_SIZE_TYPE DataCheck ExceptionHandling 
                                free 
ini_interrupt             USES Pim 
init_LCD                  USES Regs set_inst_register 
set_inst_register         USES ms_delay Regs 
write_data                USES ms_delay Regs 
write_string              USES set_inst_register write_data 
init_led                  USES Regs Pim 
set_led                   USES Pim Regs 
QueuePush                 USES malloc Head Tail 
QueuePop                  USES Head Tail free 
init_sci0                 USES Sci0 txoffset_sci0 rxbuffer_sci0 
write_sci0                USES txbuffer_sci0 Sci0 
sci0_handler              USES Sci0 rxbuffer_sci0 rxoffset_sci0 GetDataFrame 
                                QueuePush txbuffer_sci0 
ExceptionHandling         USES STRING.OverDataSize.1 STRING.LossDataSize.2 
                                STRING.OverGroupCnt.3 STRING.OverClassCnt.4 STRING.OverFormatCnt.5 
                                STRING.CantFindCmd_LED.6 STRING.CantFindCmd_LCD.7 STRING.Timeout.8 
                                write_sci0 
F_ADDKL                   USES F_XGKL F_NORMK 
_FADD                     USES F_PULK F_PULL F_ADDKL F_PSHK 
_FSUB                     USES _FADD 
F_FREXP                   USES F_NORMK 
frexpf                    USES F_PULL F_TLK F_FREXP F_PSHK 
_FSFLOAT                  USES SL_PULK F_FRLONGK F_PSHK 
_FUFLOAT                  USES UL_PULK F_FRLONGK F_PSHK 
_FSTRUNC                  USES F_PULK F_TOLONGK L_PSHK 
_FUTRUNC                  USES _FSTRUNC 
F_DIVKL                   USES F_MAXK F_NORMK 
F_MULKL                   USES F_CLRK F_NORMK 
_FMUL                     USES F_PULK F_PULL F_MULKL F_PSHK 
_FDIV                     USES F_PULL F_PULK F_DIVKL F_PSHK 
F_MAXK                    USES F_CLRK 
F_NORMK                   USES F_MAXK 
_LMULS16x32               USES _LNEG 
_LDIVU                    USES _lDivMod 
_LMODU                    USES _lDivMod 
L_NEGK                    USES _NEG_P 
L_PSHK                    USES L_NEGK 
SL_PULK                   USES L_NEGK 

*********************************************************************************************
DEPENDENCY TREE
*********************************************************************************************
 main and _Startup Group
 | 
 +- main                
 |  | 
 |  +- ini_interrupt       
 |  |    
 |  +- init_sci0           
 |  |    
 |  +- write_sci0          
 |  |    
 |  +- init_led            
 |  |    
 |  +- init_LCD            
 |  |  | 
 |  |  +- set_inst_register   
 |  |     | 
 |  |     +- ms_delay            
 |  |          
 |  +- write_string        
 |  |  | 
 |  |  +- set_inst_register    (see above)
 |  |  |  
 |  |  +- write_data          
 |  |     | 
 |  |     +- ms_delay             (see above)
 |  |        
 |  +- InitFormatTable     
 |  |  | 
 |  |  +- memset              
 |  |       
 |  +- QueuePop            
 |  |  | 
 |  |  +- free                
 |  |     | 
 |  |     +- _heapcrash_         
 |  |          
 |  +- set_inst_register    (see above)
 |  |  
 |  +- LED_CONTROL         
 |  |  | 
 |  |  +- _CASE_CHECKED_BYTE  
 |  |  |    
 |  |  +- sscanf              
 |  |  |  | 
 |  |  |  +- vsscanf             
 |  |  |     | 
 |  |  |     +- isspace             
 |  |  |     |    
 |  |  |     +- _getNum             
 |  |  |     |    
 |  |  |     +- _CASE_SEARCH_8      
 |  |  |     |    
 |  |  |     +- _CASE_CHECKED_BYTE   (see above)
 |  |  |     |  
 |  |  |     +- _strtod             
 |  |  |     |  | 
 |  |  |     |  +- isspace              (see above)
 |  |  |     |  |  
 |  |  |     |  +- isdigit             
 |  |  |     |  |    
 |  |  |     |  +- _CASE_CHECKED_BYTE   (see above)
 |  |  |     |  |  
 |  |  |     |  +- _FCMP               
 |  |  |     |  |    
 |  |  |     |  +- _FSFLOAT            
 |  |  |     |  |  | 
 |  |  |     |  |  +- SL_PULK             
 |  |  |     |  |  |  | 
 |  |  |     |  |  |  +- L_NEGK              
 |  |  |     |  |  |     | 
 |  |  |     |  |  |     +- _NEG_P              
 |  |  |     |  |  |          
 |  |  |     |  |  +- F_FRLONGK           
 |  |  |     |  |  |    
 |  |  |     |  |  +- F_PSHK              
 |  |  |     |  |       
 |  |  |     |  +- _FSUB               
 |  |  |     |  |  | 
 |  |  |     |  |  +- _FADD               
 |  |  |     |  |     | 
 |  |  |     |  |     +- F_PULK              
 |  |  |     |  |     |    
 |  |  |     |  |     +- F_PULL              
 |  |  |     |  |     |    
 |  |  |     |  |     +- F_ADDKL             
 |  |  |     |  |     |  | 
 |  |  |     |  |     |  +- F_XGKL              
 |  |  |     |  |     |  |    
 |  |  |     |  |     |  +- F_NORMK             
 |  |  |     |  |     |     | 
 |  |  |     |  |     |     +- F_MAXK              
 |  |  |     |  |     |        | 
 |  |  |     |  |     |        +- F_CLRK              
 |  |  |     |  |     |             
 |  |  |     |  |     +- F_PSHK               (see above)
 |  |  |     |  |        
 |  |  |     |  +- _FADD                (see above)
 |  |  |     |  |  
 |  |  |     |  +- _ILSEXT             
 |  |  |     |  |    
 |  |  |     |  +- _FDIV               
 |  |  |     |  |  | 
 |  |  |     |  |  +- F_PULL               (see above)
 |  |  |     |  |  |  
 |  |  |     |  |  +- F_PULK               (see above)
 |  |  |     |  |  |  
 |  |  |     |  |  +- F_DIVKL             
 |  |  |     |  |  |  | 
 |  |  |     |  |  |  +- F_MAXK               (see above)
 |  |  |     |  |  |  |  
 |  |  |     |  |  |  +- F_NORMK              (see above)
 |  |  |     |  |  |     
 |  |  |     |  |  +- F_PSHK               (see above)
 |  |  |     |  |     
 |  |  |     |  +- _FMUL               
 |  |  |     |  |  | 
 |  |  |     |  |  +- F_PULK               (see above)
 |  |  |     |  |  |  
 |  |  |     |  |  +- F_PULL               (see above)
 |  |  |     |  |  |  
 |  |  |     |  |  +- F_MULKL             
 |  |  |     |  |  |  | 
 |  |  |     |  |  |  +- F_CLRK               (see above)
 |  |  |     |  |  |  |  
 |  |  |     |  |  |  +- F_NORMK              (see above)
 |  |  |     |  |  |     
 |  |  |     |  |  +- F_PSHK               (see above)
 |  |  |     |  |     
 |  |  |     |  +- toupper             
 |  |  |     |  |    
 |  |  |     |  +- _FNEG               
 |  |  |     |       
 |  |  |     +- _ILSEXT              (see above)
 |  |  |     |  
 |  |  |     +- _copyList           
 |  |  |     |    
 |  |  |     +- _strtol             
 |  |  |        | 
 |  |  |        +- isspace              (see above)
 |  |  |        |  
 |  |  |        +- isdigit              (see above)
 |  |  |        |  
 |  |  |        +- _strtoul            
 |  |  |        |  | 
 |  |  |        |  +- isspace              (see above)
 |  |  |        |  |  
 |  |  |        |  +- toupper              (see above)
 |  |  |        |  |  
 |  |  |        |  +- _ILSEXT              (see above)
 |  |  |        |  |  
 |  |  |        |  +- _LDIVU              
 |  |  |        |  |  | 
 |  |  |        |  |  +- _lDivMod            
 |  |  |        |  |       
 |  |  |        |  +- _LCMP_P             
 |  |  |        |  |    
 |  |  |        |  +- _LMULS16x32         
 |  |  |        |  |  | 
 |  |  |        |  |  +- _LNEG               
 |  |  |        |  |       
 |  |  |        |  +- CheckCharWithBase   
 |  |  |        |     | 
 |  |  |        |     +- toupper              (see above)
 |  |  |        |        
 |  |  |        +- _LNEG                (see above)
 |  |  |           
 |  |  +- set_led             
 |  |  |    
 |  |  +- strtol              
 |  |  |  | 
 |  |  |  +- _strtol              (see above)
 |  |  |     
 |  |  +- _ISHL               
 |  |       
 |  +- LCD_CONTROL         
 |  |  | 
 |  |  +- sprintf             
 |  |  |  | 
 |  |  |  +- deposit_char        
 |  |  |  |    
 |  |  |  +- vprintf             
 |  |  |     | 
 |  |  |     +- _out                
 |  |  |     |    
 |  |  |     +- _CASE_SEARCH_8_BYTE 
 |  |  |     |    
 |  |  |     +- _CASE_DIRECT_BYTE   
 |  |  |     |    
 |  |  |     +- _CASE_SEARCH_8       (see above)
 |  |  |     |  
 |  |  |     +- _ILSEXT              (see above)
 |  |  |     |  
 |  |  |     +- _LNEG                (see above)
 |  |  |     |  
 |  |  |     +- _LCMP_P              (see above)
 |  |  |     |  
 |  |  |     +- _FNEG                (see above)
 |  |  |     |  
 |  |  |     +- frexpf              
 |  |  |     |  | 
 |  |  |     |  +- F_PULL               (see above)
 |  |  |     |  |  
 |  |  |     |  +- F_TLK               
 |  |  |     |  |    
 |  |  |     |  +- F_FREXP             
 |  |  |     |  |  | 
 |  |  |     |  |  +- F_NORMK              (see above)
 |  |  |     |  |     
 |  |  |     |  +- F_PSHK               (see above)
 |  |  |     |     
 |  |  |     +- _FMUL                (see above)
 |  |  |     |  
 |  |  |     +- _FADD                (see above)
 |  |  |     |  
 |  |  |     +- _BDIVMODS           
 |  |  |     |    
 |  |  |     +- Ten                 
 |  |  |     |  | 
 |  |  |     |  +- _FMUL                (see above)
 |  |  |     |     
 |  |  |     +- _FUTRUNC            
 |  |  |     |  | 
 |  |  |     |  +- _FSTRUNC            
 |  |  |     |     | 
 |  |  |     |     +- F_PULK               (see above)
 |  |  |     |     |  
 |  |  |     |     +- F_TOLONGK           
 |  |  |     |     |    
 |  |  |     |     +- L_PSHK              
 |  |  |     |        | 
 |  |  |     |        +- L_NEGK               (see above)
 |  |  |     |           
 |  |  |     +- _FUFLOAT            
 |  |  |     |  | 
 |  |  |     |  +- UL_PULK             
 |  |  |     |  |    
 |  |  |     |  +- F_FRLONGK            (see above)
 |  |  |     |  |  
 |  |  |     |  +- F_PSHK               (see above)
 |  |  |     |     
 |  |  |     +- _FSUB                (see above)
 |  |  |     |  
 |  |  |     +- _LDIVU               (see above)
 |  |  |     |  
 |  |  |     +- _FCMP                (see above)
 |  |  |     |  
 |  |  |     +- _LMODU              
 |  |  |        | 
 |  |  |        +- _lDivMod             (see above)
 |  |  |           
 |  |  +- write_string         (see above)
 |  |     
 |  +- free                 (see above)
 |     
 +- _Startup            
    | 
    +- Init                
         
 clockmonitor_isr    
 | 
 +- software_trap       
      
 cop_isr             
 | 
 +- software_trap        (see above)
    
 trap_isr            
 | 
 +- software_trap        (see above)
    
 swi_isr             
 | 
 +- software_trap        (see above)
    
 xirq_isr            
 | 
 +- software_trap        (see above)
    
 irq_isr             
 | 
 +- software_trap        (see above)
    
 rti_isr             
 | 
 +- software_trap        (see above)
    
 ect_ch0_isr         
 | 
 +- software_trap        (see above)
    
 ect_ch1_isr         
 | 
 +- software_trap        (see above)
    
 ect_ch2_isr         
 | 
 +- software_trap        (see above)
    
 ect_ch3_isr         
 | 
 +- software_trap        (see above)
    
 ect_ch4_isr         
 | 
 +- software_trap        (see above)
    
 ect_ch5_isr         
 | 
 +- software_trap        (see above)
    
 ect_ch6_isr         
 | 
 +- software_trap        (see above)
    
 ect_ch7_isr         
 | 
 +- software_trap        (see above)
    
 ect_overflow_isr    
 | 
 +- software_trap        (see above)
    
 pa_a_overflow_isr   
 | 
 +- software_trap        (see above)
    
 pa_a_edge_isr       
 | 
 +- software_trap        (see above)
    
 spi0_isr            
 | 
 +- software_trap        (see above)
    
 sci0_isr            
 | 
 +- sci0_handler        
    | 
    +- GetDataFrame        
    |  | 
    |  +- malloc              
    |  |  | 
    |  |  +- _heapcrash_          (see above)
    |  |     
    |  +- sscanf               (see above)
    |  |  
    |  +- DataCheck           
    |  |    
    |  +- ExceptionHandling   
    |  |  | 
    |  |  +- write_sci0           (see above)
    |  |     
    |  +- free                 (see above)
    |     
    +- QueuePush           
       | 
       +- malloc               (see above)
          
 sci1_isr            
 | 
 +- software_trap        (see above)
    
 atd0_isr            
 | 
 +- software_trap        (see above)
    
 atd1_isr            
 | 
 +- software_trap        (see above)
    
 portj_isr           
 | 
 +- software_trap        (see above)
    
 porth_isr           
 | 
 +- software_trap        (see above)
    
 ect_mdc_isr         
 | 
 +- software_trap        (see above)
    
 pa_b_overflow_isr   
 | 
 +- software_trap        (see above)
    
 crg_pll_lock_isr    
 | 
 +- software_trap        (see above)
    
 crg_scm_isr         
 | 
 +- software_trap        (see above)
    
 bdlc_isr            
 | 
 +- software_trap        (see above)
    
 iic_isr             
 | 
 +- software_trap        (see above)
    
 spi1_isr            
 | 
 +- software_trap        (see above)
    
 spi2_isr            
 | 
 +- software_trap        (see above)
    
 eeprom_isr          
 | 
 +- software_trap        (see above)
    
 flash_isr           
 | 
 +- software_trap        (see above)
    
 mscan0_wakeup_isr   
 | 
 +- software_trap        (see above)
    
 mscan0_error_isr    
 | 
 +- software_trap        (see above)
    
 mscan0_rx_isr       
 | 
 +- software_trap        (see above)
    
 mscan0_tx_isr       
 | 
 +- software_trap        (see above)
    
 mscan1_wakeup_isr   
 | 
 +- software_trap        (see above)
    
 mscan1_error_isr    
 | 
 +- software_trap        (see above)
    
 mscan1_rx_isr       
 | 
 +- software_trap        (see above)
    
 mscan1_tx_isr       
 | 
 +- software_trap        (see above)
    
 mscan2_wakeup_isr   
 | 
 +- software_trap        (see above)
    
 mscan2_error_isr    
 | 
 +- software_trap        (see above)
    
 mscan2_rx_isr       
 | 
 +- software_trap        (see above)
    
 mscan2_tx_isr       
 | 
 +- software_trap        (see above)
    
 mscan3_wakeup_isr   
 | 
 +- software_trap        (see above)
    
 mscan3_error_isr    
 | 
 +- software_trap        (see above)
    
 mscan3_rx_isr       
 | 
 +- software_trap        (see above)
    
 mscan3_tx_isr       
 | 
 +- software_trap        (see above)
    
 mscan4_wakeup_isr   
 | 
 +- software_trap        (see above)
    
 mscan4_error_isr    
 | 
 +- software_trap        (see above)
    
 mscan4_rx_isr       
 | 
 +- software_trap        (see above)
    
 mscan4_tx_isr       
 | 
 +- software_trap        (see above)
    
 portp_isr           
 | 
 +- software_trap        (see above)
    
 pwm_shutdown_isr    
 | 
 +- software_trap        (see above)
    
*********************************************************************************************
STATISTIC SECTION
---------------------------------------------------------------------------------------------

ExeFile:
--------
Number of blocks to be downloaded: 8
Total size of all blocks to be downloaded: 9011

