*** EVALUATION ***
PROGRAM "G:\내 드라이브\3.학교자료\4학년 1학기\마이크로프로세서실험\과제\중간과제\코드\Middle_TermProject\bin\Flash_Application.abs"

*********************************************************************************************
TARGET SECTION
---------------------------------------------------------------------------------------------
Processor   : Freescale HC12
Memory Model: SMALL
File Format : ELF\DWARF 2.0
Linker      : SmartLinker V-5.0.52 Build 15249, Sep  7 2015

*********************************************************************************************
FILE SECTION
---------------------------------------------------------------------------------------------
START12.C.o                             Model: SMALL,         Lang: ANSI-C,        Compiler Version: ANSI-C/cC++ Compiler for HC12 V-5.0.46 Build 15249, Sep  7 2015
CTYPE.C.o (ansis.lib)                   Model: SMALL,         Lang: ANSI-C,        Compiler Version: ANSI-C/cC++ Compiler for HC12 V-5.0.46 Build 15249, Sep  7 2015
HEAP.C.o (ansis.lib)                    Model: SMALL,         Lang: ANSI-C,        Compiler Version: ANSI-C/cC++ Compiler for HC12 V-5.0.46 Build 15249, Sep  7 2015
MATH.C.o (ansis.lib)                    Model: SMALL,         Lang: ANSI-C,        Compiler Version: ANSI-C/cC++ Compiler for HC12 V-5.0.46 Build 15249, Sep  7 2015
PRINTF.C.o (ansis.lib)                  Model: SMALL,         Lang: ANSI-C,        Compiler Version: ANSI-C/cC++ Compiler for HC12 V-5.0.46 Build 15249, Sep  7 2015
SCANF.C.o (ansis.lib)                   Model: SMALL,         Lang: ANSI-C,        Compiler Version: ANSI-C/cC++ Compiler for HC12 V-5.0.46 Build 15249, Sep  7 2015
STDLIB.C.o (ansis.lib)                  Model: SMALL,         Lang: ANSI-C,        Compiler Version: ANSI-C/cC++ Compiler for HC12 V-5.0.46 Build 15249, Sep  7 2015
STRING.C.o (ansis.lib)                  Model: SMALL,         Lang: ANSI-C,        Compiler Version: ANSI-C/cC++ Compiler for HC12 V-5.0.46 Build 15249, Sep  7 2015
ALLOC.C.o (ansis.lib)                   Model: SMALL,         Lang: ANSI-C,        Compiler Version: ANSI-C/cC++ Compiler for HC12 V-5.0.46 Build 15249, Sep  7 2015
FADD.C.o (ansis.lib)                    Model: SMALL,         Lang: ANSI-C,        Compiler Version: ANSI-C/cC++ Compiler for HC12 V-5.0.46 Build 15249, Sep  7 2015
FANSI.C.o (ansis.lib)                   Model: SMALL,         Lang: ANSI-C,        Compiler Version: ANSI-C/cC++ Compiler for HC12 V-5.0.46 Build 15249, Sep  7 2015
FCMP.C.o (ansis.lib)                    Model: SMALL,         Lang: ANSI-C,        Compiler Version: ANSI-C/cC++ Compiler for HC12 V-5.0.46 Build 15249, Sep  7 2015
FCONV.C.o (ansis.lib)                   Model: SMALL,         Lang: ANSI-C,        Compiler Version: ANSI-C/cC++ Compiler for HC12 V-5.0.46 Build 15249, Sep  7 2015
FMUL.C.o (ansis.lib)                    Model: SMALL,         Lang: ANSI-C,        Compiler Version: ANSI-C/cC++ Compiler for HC12 V-5.0.46 Build 15249, Sep  7 2015
FREGS.C.o (ansis.lib)                   Model: SMALL,         Lang: ANSI-C,        Compiler Version: ANSI-C/cC++ Compiler for HC12 V-5.0.46 Build 15249, Sep  7 2015
rtshc12.c.o (ansis.lib)                 Model: SMALL,         Lang: ANSI-C,        Compiler Version: ANSI-C/cC++ Compiler for HC12 V-5.0.46 Build 15249, Sep  7 2015
VREGS.C.o (ansis.lib)                   Model: SMALL,         Lang: ANSI-C,        Compiler Version: ANSI-C/cC++ Compiler for HC12 V-5.0.46 Build 15249, Sep  7 2015
projectvectors.c.o                      Model: SMALL,         Lang: ANSI-C,        Compiler Version: ANSI-C/cC++ Compiler for HC12 V-5.0.46 Build 15249, Sep  7 2015
main.c.o                                Model: SMALL,         Lang: ANSI-C,        Compiler Version: ANSI-C/cC++ Compiler for HC12 V-5.0.46 Build 15249, Sep  7 2015
per_DP256_K79X.c.o                      Model: SMALL,         Lang: ANSI-C,        Compiler Version: ANSI-C/cC++ Compiler for HC12 V-5.0.46 Build 15249, Sep  7 2015
atd.c.o                                 Model: SMALL,         Lang: ANSI-C,        Compiler Version: ANSI-C/cC++ Compiler for HC12 V-5.0.46 Build 15249, Sep  7 2015
dataframe.c.o                           Model: SMALL,         Lang: ANSI-C,        Compiler Version: ANSI-C/cC++ Compiler for HC12 V-5.0.46 Build 15249, Sep  7 2015
interrupt.c.o                           Model: SMALL,         Lang: ANSI-C,        Compiler Version: ANSI-C/cC++ Compiler for HC12 V-5.0.46 Build 15249, Sep  7 2015
lcd.c.o                                 Model: SMALL,         Lang: ANSI-C,        Compiler Version: ANSI-C/cC++ Compiler for HC12 V-5.0.46 Build 15249, Sep  7 2015
led.c.o                                 Model: SMALL,         Lang: ANSI-C,        Compiler Version: ANSI-C/cC++ Compiler for HC12 V-5.0.46 Build 15249, Sep  7 2015
seven_seg.c.o                           Model: SMALL,         Lang: ANSI-C,        Compiler Version: ANSI-C/cC++ Compiler for HC12 V-5.0.46 Build 15249, Sep  7 2015
queue.c.o                               Model: SMALL,         Lang: ANSI-C,        Compiler Version: ANSI-C/cC++ Compiler for HC12 V-5.0.46 Build 15249, Sep  7 2015
sci.c.o                                 Model: SMALL,         Lang: ANSI-C,        Compiler Version: ANSI-C/cC++ Compiler for HC12 V-5.0.46 Build 15249, Sep  7 2015
exception.c.o                           Model: SMALL,         Lang: ANSI-C,        Compiler Version: ANSI-C/cC++ Compiler for HC12 V-5.0.46 Build 15249, Sep  7 2015

*********************************************************************************************
STARTUP SECTION
---------------------------------------------------------------------------------------------
Entry point: 0x4029 (_Startup)
_startupData is allocated at 0x4039 and uses 11 Bytes
extern struct _tagStartup {
  unsigned flags          0
  _PFunc   main           0x598E    (main)
  long     stackOffset    0x1C66
  unsigned nofZeroOut     1
  _Range   pZeroOut       0x1000     2151
  _Copy    *toCopyDownBeg 0x63E7
} _startupData;

*********************************************************************************************
SECTION-ALLOCATION SECTION
Section Name                    Size  Type     From       To       Segment
---------------------------------------------------------------------------------------------
.init                             57     R     0x4000     0x4038   ROM_4000
.startData                        15     R     0x4039     0x4047   ROM_4000
.rodata                          222     R     0x4048     0x4125   ROM_4000
.rodata1                          92     R     0x4126     0x4181   ROM_4000
NON_BANKED                       228     R     0x4182     0x4265   ROM_4000
.text                           7290     R     0x4266     0x5EDF   ROM_4000
.copy                              2     R     0x63E7     0x63E8   ROM_4000
.abs_section_0                    48   N/I        0x0       0x2F   .absSeg0
.abs_section_30                    4   N/I       0x30       0x33   .absSeg1
.abs_section_34                   12   N/I       0x34       0x3F   .absSeg2
.abs_section_40                   64   N/I       0x40       0x7F   .absSeg3
.abs_section_80                   32   N/I       0x80       0x9F   .absSeg4
.abs_section_a0                   40   N/I       0xA0       0xC7   .absSeg5
.abs_section_c8                    8   N/I       0xC8       0xCF   .absSeg6
.abs_section_d0                    8   N/I       0xD0       0xD7   .absSeg7
.abs_section_d8                    8   N/I       0xD8       0xDF   .absSeg8
.abs_section_e0                    8   N/I       0xE0       0xE7   .absSeg9
.abs_section_e8                    8   N/I       0xE8       0xEF   .absSeg10
.abs_section_f0                    8   N/I       0xF0       0xF7   .absSeg11
.abs_section_f8                    8   N/I       0xF8       0xFF   .absSeg12
.abs_section_100                  16   N/I      0x100      0x10F   .absSeg13
.abs_section_110                  12   N/I      0x110      0x11B   .absSeg14
.abs_section_120                  32   N/I      0x120      0x13F   .absSeg15
.abs_section_140                  64   N/I      0x140      0x17F   .absSeg16
.abs_section_180                  64   N/I      0x180      0x1BF   .absSeg17
.abs_section_1c0                  64   N/I      0x1C0      0x1FF   .absSeg18
.abs_section_200                  64   N/I      0x200      0x23F   .absSeg19
.abs_section_240                  48   N/I      0x240      0x26F   .absSeg20
.abs_section_280                  64   N/I      0x280      0x2BF   .absSeg21
.bss                              19   R/W     0x1000     0x1012   RAM
HEAP_SEGMENT                    2000   R/W     0x1013     0x17E2   RAM
.common                          132   R/W     0x17E3     0x1866   RAM
RUNTIME                         1287     R     0x5EE0     0x63E6   ROM_4000
.stack                          1024   R/W     0x1867     0x1C66   RAM
.vectSeg22_vect                  116     R     0xFF8C     0xFFFF   .vectSeg22

Summary of section sizes per section type:
READ_ONLY (R):        245D (dec:     9309)
READ_WRITE (R/W):      C67 (dec:     3175)
NO_INIT (N/I):         2AC (dec:      684)

*********************************************************************************************
VECTOR-ALLOCATION SECTION
    Address     InitValue   InitFunction
---------------------------------------------------------------------------------------------
     0xFF8C        0x4182   pwm_shutdown_isr
     0xFF8E        0x4186   portp_isr
     0xFF90        0x418A   mscan4_tx_isr
     0xFF92        0x418E   mscan4_rx_isr
     0xFF94        0x4192   mscan4_error_isr
     0xFF96        0x4196   mscan4_wakeup_isr
     0xFF98        0x419A   mscan3_tx_isr
     0xFF9A        0x419E   mscan3_rx_isr
     0xFF9C        0x41A2   mscan3_error_isr
     0xFF9E        0x41A6   mscan3_wakeup_isr
     0xFFA0        0x41AA   mscan2_tx_isr
     0xFFA2        0x41AE   mscan2_rx_isr
     0xFFA4        0x41B2   mscan2_error_isr
     0xFFA6        0x41B6   mscan2_wakeup_isr
     0xFFA8        0x41BA   mscan1_tx_isr
     0xFFAA        0x41BE   mscan1_rx_isr
     0xFFAC        0x41C2   mscan1_error_isr
     0xFFAE        0x41C6   mscan1_wakeup_isr
     0xFFB0        0x41CA   mscan0_tx_isr
     0xFFB2        0x41CE   mscan0_rx_isr
     0xFFB4        0x41D2   mscan0_error_isr
     0xFFB6        0x41D6   mscan0_wakeup_isr
     0xFFB8        0x41DA   flash_isr
     0xFFBA        0x41DE   eeprom_isr
     0xFFBC        0x41E2   spi2_isr
     0xFFBE        0x41E6   spi1_isr
     0xFFC0        0x41EA   iic_isr
     0xFFC2        0x41EE   bdlc_isr
     0xFFC4        0x41F2   crg_scm_isr
     0xFFC6        0x41F6   crg_pll_lock_isr
     0xFFC8        0x41FA   pa_b_overflow_isr
     0xFFCA        0x41FE   ect_mdc_isr
     0xFFCC        0x4202   porth_isr
     0xFFCE        0x4206   portj_isr
     0xFFD0        0x420A   atd1_isr
     0xFFD2        0x420E   atd0_isr
     0xFFD4        0x4212   sci1_isr
     0xFFD6        0x4216   sci0_isr
     0xFFD8        0x421A   spi0_isr
     0xFFDA        0x421E   pa_a_edge_isr
     0xFFDC        0x4222   pa_a_overflow_isr
     0xFFDE        0x4226   ect_overflow_isr
     0xFFE0        0x422A   ect_ch7_isr
     0xFFE2        0x422E   ect_ch6_isr
     0xFFE4        0x4232   ect_ch5_isr
     0xFFE6        0x4236   ect_ch4_isr
     0xFFE8        0x423A   ect_ch3_isr
     0xFFEA        0x423E   ect_ch2_isr
     0xFFEC        0x4242   ect_ch1_isr
     0xFFEE        0x4246   ect_ch0_isr
     0xFFF0        0x424A   rti_isr
     0xFFF2        0x424E   irq_isr
     0xFFF4        0x4252   xirq_isr
     0xFFF6        0x4256   swi_isr
     0xFFF8        0x425A   trap_isr
     0xFFFA        0x425E   cop_isr
     0xFFFC        0x4262   clockmonitor_isr
     0xFFFE        0x4029   _Startup

*********************************************************************************************
OBJECT-ALLOCATION SECTION
     Name               Module                 Addr   hSize   dSize     Ref    Section   RLIB
---------------------------------------------------------------------------------------------
MODULE:                 -- START12.C.o --
- PROCEDURES:
     Init                                      4000      29      41       1   .init       
     _Startup                                  4029      10      16       0   .init       
- VARIABLES:
     _startupData                              4039       B      11       5   .startData  
- LABELS:
     __SEG_END_SSTACK                          1C67       0       0       1               
MODULE:                 -- CTYPE.C.o (ansis.lib) --
- PROCEDURES:
     isdigit                                   4266       E      14       3   .text       
     isspace                                   4274      17      23       6   .text       
     toupper                                   428B      14      20       4   .text       
- VARIABLES:
MODULE:                 -- HEAP.C.o (ansis.lib) --
- PROCEDURES:
     _heapcrash_                               429F       C      12       3   .text       
- VARIABLES:
     _heap_                                    1013     7D0    2000       2   HEAP_SEGMENT
MODULE:                 -- MATH.C.o (ansis.lib) --
- PROCEDURES:
- VARIABLES:
     infinity                                  4048       4       4       2   .rodata     
MODULE:                 -- PRINTF.C.o (ansis.lib) --
- PROCEDURES:
     Ten                                       42AB      AC     172       3   .text       
     vprintf                                   4357     924    2340     110   .text       
     _out                                      4C7B       C      12      17   .text       
     deposit_char                              4C87       F      15       1   .text       
     sprintf                                   4C96      29      41       4   .text       
- VARIABLES:
     pow10                                     404C      28      40       6   .rodata     
     pow16                                     4074      20      32       4   .rodata     
     pow8                                      4094      2C      44       4   .rodata     
     fpow10                                    40C0      30      48       1   .rodata     
     fpow_10                                   40F0      30      48       1   .rodata     
     pbuf                                      1000       6       6      15   .bss        
MODULE:                 -- SCANF.C.o (ansis.lib) --
- PROCEDURES:
     _getNum                                   4CBF      37      55       1   .text       
     _copyList                                 4CF6      B5     181       1   .text       
     vsscanf                                   4DAB     376     886      50   .text       
     sscanf                                    5121      10      16       3   .text       
- VARIABLES:
MODULE:                 -- STDLIB.C.o (ansis.lib) --
- PROCEDURES:
     CheckCharWithBase                         5131      39      57       1   .text       
     _strtoul                                  516A     170     368       8   .text       
     _strtol                                   52DA      D0     208       4   .text       
     strtol                                    53AA      13      19       1   .text       
     _strtod                                   53BD     38A     906      20   .text       
- VARIABLES:
MODULE:                 -- STRING.C.o (ansis.lib) --
- PROCEDURES:
     strlen                                    5747      14      20       2   .text       
- VARIABLES:
MODULE:                 -- ALLOC.C.o (ansis.lib) --
- PROCEDURES:
     malloc                                    575B      A6     166       2   .text       
     free                                      5801      C4     196       4   .text       
- VARIABLES:
     heap_end                                  1006       2       2       3   .bss        
     free_ptr                                  1008       2       2       8   .bss        
MODULE:                 -- FADD.C.o (ansis.lib) --
- PROCEDURES:
     F_ADDKL                                   5EE0      67     103       1   RUNTIME     
     _FADD                                     5F47      15      21       6   RUNTIME     
     _FSUB                                     5F5C      13      19       2   RUNTIME     
     _FNEG                                     5F6F       B      11       2   RUNTIME     
- VARIABLES:
MODULE:                 -- FANSI.C.o (ansis.lib) --
- PROCEDURES:
     F_FREXP                                   5F7A      1F      31       1   RUNTIME     
     frexpf                                    5F99      19      25       1   RUNTIME     
- VARIABLES:
MODULE:                 -- FCMP.C.o (ansis.lib) --
- PROCEDURES:
     _FCMP                                     5FB2      26      38       5   RUNTIME     
- VARIABLES:
MODULE:                 -- FCONV.C.o (ansis.lib) --
- PROCEDURES:
     F_TOLONGK                                 5FD8      33      51       1   RUNTIME     
     F_FRLONGK                                 600B      1F      31       2   RUNTIME     
     _FSFLOAT                                  602A      12      18       3   RUNTIME     
     _FUFLOAT                                  603C      12      18       1   RUNTIME     
     _FSTRUNC                                  604E      11      17       1   RUNTIME     
     _FUTRUNC                                  605F       3       3       2   RUNTIME     
- VARIABLES:
MODULE:                 -- FMUL.C.o (ansis.lib) --
- PROCEDURES:
     F_DIVKL                                   6062      8E     142       1   RUNTIME     
     F_MULKL                                   60F0      58      88       1   RUNTIME     
     _FMUL                                     6148      14      20      10   RUNTIME     
     _FDIV                                     615C      1E      30       4   RUNTIME     
- VARIABLES:
MODULE:                 -- FREGS.C.o (ansis.lib) --
- PROCEDURES:
     F_PULK                                    617A      15      21       4   RUNTIME     
     F_PULL                                    618F      15      21       4   RUNTIME     
     F_PSHK                                    61A4      13      19       6   RUNTIME     
     F_TLK                                     61B7       D      13       1   RUNTIME     
     F_XGKL                                    61C4      21      33       2   RUNTIME     
     F_CLRK                                    61E5       B      11       2   RUNTIME     
     F_MAXK                                    61F0       9       9       2   RUNTIME     
     F_NORMK                                   61F9      3E      62       4   RUNTIME     
- VARIABLES:
MODULE:                 -- rtshc12.c.o (ansis.lib) --
- PROCEDURES:
     _BDIVMODS                                 6237       B      11       4   RUNTIME     
     _ISHL                                     6242       B      11       3   RUNTIME     
     _LCMP_P                                   624D      15      21       4   RUNTIME     
     _LNEG                                     6262       D      13       3   RUNTIME     
     _LMULS16x32                               626F      1F      31       1   RUNTIME     
     _lDivMod                                  628E      BE     190       2   RUNTIME     
     _LDIVU                                    634C       E      14       2   RUNTIME     
     _NEG_P                                    635A       F      15       1   RUNTIME     
     _LMODU                                    6369      11      17       1   RUNTIME     
     _ILSEXT                                   637A       7       7       7   RUNTIME     
     _CASE_DIRECT_BYTE                         6381       5       5       1   RUNTIME     
     _CASE_CHECKED_BYTE                        6386      14      20       5   RUNTIME     
     _CASE_SEARCH_8                            639A      17      23       2   RUNTIME     
     _CASE_SEARCH_8_BYTE                       63B1      1A      26       1   RUNTIME     
- VARIABLES:
     errno                                     17E3       2       2       3   .common     
MODULE:                 -- VREGS.C.o (ansis.lib) --
- PROCEDURES:
     L_NEGK                                    63CB       7       7       2   RUNTIME     
     L_PSHK                                    63D2       8       8       1   RUNTIME     
     UL_PULK                                   63DA       3       3       1   RUNTIME     
     SL_PULK                                   63DD       A      10       1   RUNTIME     
- VARIABLES:
MODULE:                 -- projectvectors.c.o --
- PROCEDURES:
     software_trap                             58C5       2       2      54   .text       
     pwm_shutdown_isr                          4182       4       4       0   NON_BANKED  
     portp_isr                                 4186       4       4       0   NON_BANKED  
     mscan4_tx_isr                             418A       4       4       0   NON_BANKED  
     mscan4_rx_isr                             418E       4       4       0   NON_BANKED  
     mscan4_error_isr                          4192       4       4       0   NON_BANKED  
     mscan4_wakeup_isr                         4196       4       4       0   NON_BANKED  
     mscan3_tx_isr                             419A       4       4       0   NON_BANKED  
     mscan3_rx_isr                             419E       4       4       0   NON_BANKED  
     mscan3_error_isr                          41A2       4       4       0   NON_BANKED  
     mscan3_wakeup_isr                         41A6       4       4       0   NON_BANKED  
     mscan2_tx_isr                             41AA       4       4       0   NON_BANKED  
     mscan2_rx_isr                             41AE       4       4       0   NON_BANKED  
     mscan2_error_isr                          41B2       4       4       0   NON_BANKED  
     mscan2_wakeup_isr                         41B6       4       4       0   NON_BANKED  
     mscan1_tx_isr                             41BA       4       4       0   NON_BANKED  
     mscan1_rx_isr                             41BE       4       4       0   NON_BANKED  
     mscan1_error_isr                          41C2       4       4       0   NON_BANKED  
     mscan1_wakeup_isr                         41C6       4       4       0   NON_BANKED  
     mscan0_tx_isr                             41CA       4       4       0   NON_BANKED  
     mscan0_rx_isr                             41CE       4       4       0   NON_BANKED  
     mscan0_error_isr                          41D2       4       4       0   NON_BANKED  
     mscan0_wakeup_isr                         41D6       4       4       0   NON_BANKED  
     flash_isr                                 41DA       4       4       0   NON_BANKED  
     eeprom_isr                                41DE       4       4       0   NON_BANKED  
     spi2_isr                                  41E2       4       4       0   NON_BANKED  
     spi1_isr                                  41E6       4       4       0   NON_BANKED  
     iic_isr                                   41EA       4       4       0   NON_BANKED  
     bdlc_isr                                  41EE       4       4       0   NON_BANKED  
     crg_scm_isr                               41F2       4       4       0   NON_BANKED  
     crg_pll_lock_isr                          41F6       4       4       0   NON_BANKED  
     pa_b_overflow_isr                         41FA       4       4       0   NON_BANKED  
     ect_mdc_isr                               41FE       4       4       0   NON_BANKED  
     porth_isr                                 4202       4       4       0   NON_BANKED  
     portj_isr                                 4206       4       4       0   NON_BANKED  
     atd1_isr                                  420A       4       4       0   NON_BANKED  
     atd0_isr                                  420E       4       4       0   NON_BANKED  
     sci1_isr                                  4212       4       4       0   NON_BANKED  
     sci0_isr                                  4216       4       4       0   NON_BANKED  
     spi0_isr                                  421A       4       4       0   NON_BANKED  
     pa_a_edge_isr                             421E       4       4       0   NON_BANKED  
     pa_a_overflow_isr                         4222       4       4       0   NON_BANKED  
     ect_overflow_isr                          4226       4       4       0   NON_BANKED  
     ect_ch7_isr                               422A       4       4       0   NON_BANKED  
     ect_ch6_isr                               422E       4       4       0   NON_BANKED  
     ect_ch5_isr                               4232       4       4       0   NON_BANKED  
     ect_ch4_isr                               4236       4       4       0   NON_BANKED  
     ect_ch3_isr                               423A       4       4       0   NON_BANKED  
     ect_ch2_isr                               423E       4       4       0   NON_BANKED  
     ect_ch1_isr                               4242       4       4       0   NON_BANKED  
     ect_ch0_isr                               4246       4       4       0   NON_BANKED  
     rti_isr                                   424A       4       4       0   NON_BANKED  
     irq_isr                                   424E       4       4       0   NON_BANKED  
     xirq_isr                                  4252       4       4       0   NON_BANKED  
     swi_isr                                   4256       4       4       0   NON_BANKED  
     trap_isr                                  425A       4       4       0   NON_BANKED  
     cop_isr                                   425E       4       4       0   NON_BANKED  
     clockmonitor_isr                          4262       4       4       0   NON_BANKED  
- VARIABLES:
MODULE:                 -- main.c.o --
- PROCEDURES:
     LED_CONTROL                               58C7      AA     170       1   .text       
     LCD_CONTROL                               5971      1D      29       1   .text       
     main                                      598E      5A      90       0   .text       
- VARIABLES:
     STRING..d.1                               4126       3       3       1   .rodata1    
     STRING..x.2                               4129       3       3       1   .rodata1    
     STRING.SCI.OK.3                           412C       7       7       1   .rodata1    
     led_digit                                 100A       2       2      12   .bss        
     df                                        17E5       2       2       6   .common     
     RX                                        17E7      23      35       1   .common     
MODULE:                 -- per_DP256_K79X.c.o --
- PROCEDURES:
- VARIABLES:
     Regs                                         0      30      48      10   .abs_section_0
     Page                                        30       4       4       0   .abs_section_30
     Crg                                         34       C      12       0   .abs_section_34
     Tim0                                        40      40      64       0   .abs_section_40
     Atd0                                        80      20      32       6   .abs_section_80
     Pwm                                         A0      28      40       0   .abs_section_a0
     Sci0                                        C8       8       8       9   .abs_section_c8
     Sci1                                        D0       8       8       0   .abs_section_d0
     Spi0                                        D8       8       8       0   .abs_section_d8
     Iic                                         E0       8       8       0   .abs_section_e0
     Bdlc                                        E8       8       8       0   .abs_section_e8
     Spi1                                        F0       8       8       0   .abs_section_f0
     Spi2                                        F8       8       8       0   .abs_section_f8
     Flash                                      100      10      16       0   .abs_section_100
     Eeprom                                     110       C      12       0   .abs_section_110
     Atd1                                       120      20      32       0   .abs_section_120
     Can0                                       140      40      64       0   .abs_section_140
     Can1                                       180      40      64       0   .abs_section_180
     Can2                                       1C0      40      64       0   .abs_section_1c0
     Can3                                       200      40      64       0   .abs_section_200
     Pim                                        240      30      48      13   .abs_section_240
     Can4                                       280      40      64       0   .abs_section_280
MODULE:                 -- atd.c.o --
- PROCEDURES:
     init_atd0                                 59E8      10      16       1   .text       
     get_atd0                                  59F8       F      15       1   .text       
     convert_value                             5A07      4A      74       1   .text       
- VARIABLES:
MODULE:                 -- dataframe.c.o --
- PROCEDURES:
     InitFormatTable                           5A51      6C     108       1   .text       
     DataCheck                                 5ABD      27      39       1   .text       
     GetDataFrame                              5AE4      FF     255       1   .text       
- VARIABLES:
     BYTE_SIZE_TYPE                            4120       6       6       2   .rodata     
     STRING......s.1                           4133       7       7       1   .rodata1    
     STRING..2d.1d.2d.1d.....s.2               413A      13      19       1   .rodata1    
     BYTE_SIZE_TABLE                           180A      3C      60      10   .common     
MODULE:                 -- interrupt.c.o --
- PROCEDURES:
     ini_interrupt                             5BE3       C      12       1   .text       
     interruptJ_function                       5BEF      37      55       1   .text       
     interruptX_function                       5C26      5B      91       1   .text       
- VARIABLES:
     STRING..0210001..1                        414D       A      10       1   .rodata1    
     STRING..041000.d..2                       4157       B      11       1   .rodata1    
     STRING..011000.d..3                       4162       B      11       1   .rodata1    
     STRING..011000X..4                        416D       A      10       1   .rodata1    
     buf                                       1846      1B      27       5   .common     
MODULE:                 -- lcd.c.o --
- PROCEDURES:
     init_LCD                                  5C81      18      24       1   .text       
     set_inst_register                         5C99      26      38       5   .text       
     write_data                                5CBF      26      38       1   .text       
     write_string                              5CE5      2C      44       1   .text       
     ms_delay                                  5D11      24      36       2   .text       
- VARIABLES:
MODULE:                 -- led.c.o --
- PROCEDURES:
     init_led                                  5D35       E      14       1   .text       
     set_led                                   5D43      15      21       1   .text       
- VARIABLES:
MODULE:                 -- seven_seg.c.o --
- PROCEDURES:
     init_seven_seg                            5D58       9       9       1   .text       
     set_7segment                              5D61      34      52       2   .text       
- VARIABLES:
MODULE:                 -- queue.c.o --
- PROCEDURES:
     QueuePush                                 5D95      48      72       1   .text       
     QueuePop                                  5DDD      32      50       1   .text       
- VARIABLES:
     Head                                      100C       2       2       7   .bss        
     Tail                                      100E       2       2       7   .bss        
MODULE:                 -- sci.c.o --
- PROCEDURES:
     init_sci0                                 5E0F      15      21       1   .text       
     write_sci0                                5E24       7       7       5   .text       
     sci0_handler                              5E2B      9C     156       1   .text       
- VARIABLES:
     rxoffset_sci0                             1010       2       2       9   .bss        
     ProtocolStart                             1012       1       1       5   .bss        
     txbuffer_sci0                             1861       2       2       5   .common     
     txoffset_sci0                             1863       2       2       1   .common     
     rxbuffer_sci0                             1865       2       2      10   .common     
MODULE:                 -- exception.c.o --
- PROCEDURES:
     ExceptionHandling                         5EC7      19      25       4   .text       
- VARIABLES:
     STRING..050000.d..1                       4177       B      11       1   .rodata1    

*********************************************************************************************
MODULE STATISTIC
  Name                                      Data   Code  Const
---------------------------------------------------------------------------------------------
  START12.C.o                                  0     57      0
  CTYPE.C.o (ansis.lib)                        0     57      0
  HEAP.C.o (ansis.lib)                      2000     12      0
  MATH.C.o (ansis.lib)                         0      0      4
  PRINTF.C.o (ansis.lib)                       6   2580    212
  SCANF.C.o (ansis.lib)                        0   1138      0
  STDLIB.C.o (ansis.lib)                       0   1558      0
  STRING.C.o (ansis.lib)                       0     20      0
  ALLOC.C.o (ansis.lib)                        4    362      0
  FADD.C.o (ansis.lib)                         0    154      0
  FANSI.C.o (ansis.lib)                        0     56      0
  FCMP.C.o (ansis.lib)                         0     38      0
  FCONV.C.o (ansis.lib)                        0    138      0
  FMUL.C.o (ansis.lib)                         0    280      0
  FREGS.C.o (ansis.lib)                        0    189      0
  rtshc12.c.o (ansis.lib)                      2    404      0
  VREGS.C.o (ansis.lib)                        0     28      0
  projectvectors.c.o                           0    230      0
  main.c.o                                    39    289     13
  per_DP256_K79X.c.o                         684      0      0
  atd.c.o                                      0    105      0
  dataframe.c.o                               60    402     32
  interrupt.c.o                               27    158     42
  lcd.c.o                                      0    180      0
  led.c.o                                      0     35      0
  seven_seg.c.o                                0     61      0
  queue.c.o                                    4    122      0
  sci.c.o                                      9    184      0
  exception.c.o                                0     25     11
  other                                     1024    131      2

*********************************************************************************************
SECTION USE IN OBJECT-ALLOCATION SECTION
---------------------------------------------------------------------------------------------
SECTION: ".text"
  isdigit isspace toupper _heapcrash_ Ten vprintf _out deposit_char sprintf 
  _getNum _copyList vsscanf sscanf CheckCharWithBase _strtoul _strtol strtol 
  _strtod strlen malloc free software_trap LED_CONTROL LCD_CONTROL main 
  init_atd0 get_atd0 convert_value InitFormatTable DataCheck GetDataFrame 
  ini_interrupt interruptJ_function interruptX_function init_LCD 
  set_inst_register write_data write_string ms_delay init_led set_led 
  init_seven_seg set_7segment QueuePush QueuePop init_sci0 write_sci0 
  sci0_handler ExceptionHandling 
SECTION: ".bss"
  pbuf heap_end free_ptr led_digit Head Tail rxoffset_sci0 ProtocolStart 
SECTION: ".init"
  Init _Startup 
SECTION: ".rodata"
  infinity pow10 pow16 pow8 fpow10 fpow_10 BYTE_SIZE_TYPE 
SECTION: ".rodata1"
  STRING..d.1 STRING..x.2 STRING.SCI.OK.3 STRING......s.1 
  STRING..2d.1d.2d.1d.....s.2 STRING..0210001..1 STRING..041000.d..2 
  STRING..011000.d..3 STRING..011000X..4 STRING..050000.d..1 
SECTION: "NON_BANKED"
  pwm_shutdown_isr portp_isr mscan4_tx_isr mscan4_rx_isr mscan4_error_isr 
  mscan4_wakeup_isr mscan3_tx_isr mscan3_rx_isr mscan3_error_isr 
  mscan3_wakeup_isr mscan2_tx_isr mscan2_rx_isr mscan2_error_isr 
  mscan2_wakeup_isr mscan1_tx_isr mscan1_rx_isr mscan1_error_isr 
  mscan1_wakeup_isr mscan0_tx_isr mscan0_rx_isr mscan0_error_isr 
  mscan0_wakeup_isr flash_isr eeprom_isr spi2_isr spi1_isr iic_isr bdlc_isr 
  crg_scm_isr crg_pll_lock_isr pa_b_overflow_isr ect_mdc_isr porth_isr 
  portj_isr atd1_isr atd0_isr sci1_isr sci0_isr spi0_isr pa_a_edge_isr 
  pa_a_overflow_isr ect_overflow_isr ect_ch7_isr ect_ch6_isr ect_ch5_isr 
  ect_ch4_isr ect_ch3_isr ect_ch2_isr ect_ch1_isr ect_ch0_isr rti_isr irq_isr 
  xirq_isr swi_isr trap_isr cop_isr clockmonitor_isr 
SECTION: "HEAP_SEGMENT"
  _heap_ 
SECTION: ".common"
  errno df RX BYTE_SIZE_TABLE buf txbuffer_sci0 txoffset_sci0 rxbuffer_sci0 
SECTION: "RUNTIME"
  F_ADDKL _FADD _FSUB _FNEG F_FREXP frexpf _FCMP F_TOLONGK F_FRLONGK _FSFLOAT 
  _FUFLOAT _FSTRUNC _FUTRUNC F_DIVKL F_MULKL _FMUL _FDIV F_PULK F_PULL F_PSHK 
  F_TLK F_XGKL F_CLRK F_MAXK F_NORMK _BDIVMODS _ISHL _LCMP_P _LNEG _LMULS16x32 
  _lDivMod _LDIVU _NEG_P _LMODU _ILSEXT _CASE_DIRECT_BYTE _CASE_CHECKED_BYTE 
  _CASE_SEARCH_8 _CASE_SEARCH_8_BYTE L_NEGK L_PSHK UL_PULK SL_PULK 
SECTION: ".abs_section_0"
  Regs 
SECTION: ".abs_section_30"
  Page 
SECTION: ".abs_section_34"
  Crg 
SECTION: ".abs_section_40"
  Tim0 
SECTION: ".abs_section_80"
  Atd0 
SECTION: ".abs_section_a0"
  Pwm 
SECTION: ".abs_section_c8"
  Sci0 
SECTION: ".abs_section_d0"
  Sci1 
SECTION: ".abs_section_d8"
  Spi0 
SECTION: ".abs_section_e0"
  Iic 
SECTION: ".abs_section_e8"
  Bdlc 
SECTION: ".abs_section_f0"
  Spi1 
SECTION: ".abs_section_f8"
  Spi2 
SECTION: ".abs_section_100"
  Flash 
SECTION: ".abs_section_110"
  Eeprom 
SECTION: ".abs_section_120"
  Atd1 
SECTION: ".abs_section_140"
  Can0 
SECTION: ".abs_section_180"
  Can1 
SECTION: ".abs_section_1c0"
  Can2 
SECTION: ".abs_section_200"
  Can3 
SECTION: ".abs_section_240"
  Pim 
SECTION: ".abs_section_280"
  Can4 

*********************************************************************************************
OBJECT LIST SORTED BY ADDRESS
     Name                                      Addr   hSize   dSize     Ref    Section   RLIB
---------------------------------------------------------------------------------------------
     Regs                                         0      30      48      10   .abs_section_0
     Page                                        30       4       4       0   .abs_section_30
     Crg                                         34       C      12       0   .abs_section_34
     Tim0                                        40      40      64       0   .abs_section_40
     Atd0                                        80      20      32       6   .abs_section_80
     Pwm                                         A0      28      40       0   .abs_section_a0
     Sci0                                        C8       8       8       9   .abs_section_c8
     Sci1                                        D0       8       8       0   .abs_section_d0
     Spi0                                        D8       8       8       0   .abs_section_d8
     Iic                                         E0       8       8       0   .abs_section_e0
     Bdlc                                        E8       8       8       0   .abs_section_e8
     Spi1                                        F0       8       8       0   .abs_section_f0
     Spi2                                        F8       8       8       0   .abs_section_f8
     Flash                                      100      10      16       0   .abs_section_100
     Eeprom                                     110       C      12       0   .abs_section_110
     Atd1                                       120      20      32       0   .abs_section_120
     Can0                                       140      40      64       0   .abs_section_140
     Can1                                       180      40      64       0   .abs_section_180
     Can2                                       1C0      40      64       0   .abs_section_1c0
     Can3                                       200      40      64       0   .abs_section_200
     Pim                                        240      30      48      13   .abs_section_240
     Can4                                       280      40      64       0   .abs_section_280
     pbuf                                      1000       6       6      15   .bss        
     heap_end                                  1006       2       2       3   .bss        
     free_ptr                                  1008       2       2       8   .bss        
     led_digit                                 100A       2       2      12   .bss        
     Head                                      100C       2       2       7   .bss        
     Tail                                      100E       2       2       7   .bss        
     rxoffset_sci0                             1010       2       2       9   .bss        
     ProtocolStart                             1012       1       1       5   .bss        
     _heap_                                    1013     7D0    2000       2   HEAP_SEGMENT
     errno                                     17E3       2       2       3   .common     
     df                                        17E5       2       2       6   .common     
     RX                                        17E7      23      35       1   .common     
     BYTE_SIZE_TABLE                           180A      3C      60      10   .common     
     buf                                       1846      1B      27       5   .common     
     txbuffer_sci0                             1861       2       2       5   .common     
     txoffset_sci0                             1863       2       2       1   .common     
     rxbuffer_sci0                             1865       2       2      10   .common     
     Init                                      4000      29      41       1   .init       
     _Startup                                  4029      10      16       0   .init       
     infinity                                  4048       4       4       2   .rodata     
     pow10                                     404C      28      40       6   .rodata     
     pow16                                     4074      20      32       4   .rodata     
     pow8                                      4094      2C      44       4   .rodata     
     fpow10                                    40C0      30      48       1   .rodata     
     fpow_10                                   40F0      30      48       1   .rodata     
     BYTE_SIZE_TYPE                            4120       6       6       2   .rodata     
     STRING..d.1                               4126       3       3       1   .rodata1    
     STRING..x.2                               4129       3       3       1   .rodata1    
     STRING.SCI.OK.3                           412C       7       7       1   .rodata1    
     STRING......s.1                           4133       7       7       1   .rodata1    
     STRING..2d.1d.2d.1d.....s.2               413A      13      19       1   .rodata1    
     STRING..0210001..1                        414D       A      10       1   .rodata1    
     STRING..041000.d..2                       4157       B      11       1   .rodata1    
     STRING..011000.d..3                       4162       B      11       1   .rodata1    
     STRING..011000X..4                        416D       A      10       1   .rodata1    
     STRING..050000.d..1                       4177       B      11       1   .rodata1    
     pwm_shutdown_isr                          4182       4       4       0   NON_BANKED  
     portp_isr                                 4186       4       4       0   NON_BANKED  
     mscan4_tx_isr                             418A       4       4       0   NON_BANKED  
     mscan4_rx_isr                             418E       4       4       0   NON_BANKED  
     mscan4_error_isr                          4192       4       4       0   NON_BANKED  
     mscan4_wakeup_isr                         4196       4       4       0   NON_BANKED  
     mscan3_tx_isr                             419A       4       4       0   NON_BANKED  
     mscan3_rx_isr                             419E       4       4       0   NON_BANKED  
     mscan3_error_isr                          41A2       4       4       0   NON_BANKED  
     mscan3_wakeup_isr                         41A6       4       4       0   NON_BANKED  
     mscan2_tx_isr                             41AA       4       4       0   NON_BANKED  
     mscan2_rx_isr                             41AE       4       4       0   NON_BANKED  
     mscan2_error_isr                          41B2       4       4       0   NON_BANKED  
     mscan2_wakeup_isr                         41B6       4       4       0   NON_BANKED  
     mscan1_tx_isr                             41BA       4       4       0   NON_BANKED  
     mscan1_rx_isr                             41BE       4       4       0   NON_BANKED  
     mscan1_error_isr                          41C2       4       4       0   NON_BANKED  
     mscan1_wakeup_isr                         41C6       4       4       0   NON_BANKED  
     mscan0_tx_isr                             41CA       4       4       0   NON_BANKED  
     mscan0_rx_isr                             41CE       4       4       0   NON_BANKED  
     mscan0_error_isr                          41D2       4       4       0   NON_BANKED  
     mscan0_wakeup_isr                         41D6       4       4       0   NON_BANKED  
     flash_isr                                 41DA       4       4       0   NON_BANKED  
     eeprom_isr                                41DE       4       4       0   NON_BANKED  
     spi2_isr                                  41E2       4       4       0   NON_BANKED  
     spi1_isr                                  41E6       4       4       0   NON_BANKED  
     iic_isr                                   41EA       4       4       0   NON_BANKED  
     bdlc_isr                                  41EE       4       4       0   NON_BANKED  
     crg_scm_isr                               41F2       4       4       0   NON_BANKED  
     crg_pll_lock_isr                          41F6       4       4       0   NON_BANKED  
     pa_b_overflow_isr                         41FA       4       4       0   NON_BANKED  
     ect_mdc_isr                               41FE       4       4       0   NON_BANKED  
     porth_isr                                 4202       4       4       0   NON_BANKED  
     portj_isr                                 4206       4       4       0   NON_BANKED  
     atd1_isr                                  420A       4       4       0   NON_BANKED  
     atd0_isr                                  420E       4       4       0   NON_BANKED  
     sci1_isr                                  4212       4       4       0   NON_BANKED  
     sci0_isr                                  4216       4       4       0   NON_BANKED  
     spi0_isr                                  421A       4       4       0   NON_BANKED  
     pa_a_edge_isr                             421E       4       4       0   NON_BANKED  
     pa_a_overflow_isr                         4222       4       4       0   NON_BANKED  
     ect_overflow_isr                          4226       4       4       0   NON_BANKED  
     ect_ch7_isr                               422A       4       4       0   NON_BANKED  
     ect_ch6_isr                               422E       4       4       0   NON_BANKED  
     ect_ch5_isr                               4232       4       4       0   NON_BANKED  
     ect_ch4_isr                               4236       4       4       0   NON_BANKED  
     ect_ch3_isr                               423A       4       4       0   NON_BANKED  
     ect_ch2_isr                               423E       4       4       0   NON_BANKED  
     ect_ch1_isr                               4242       4       4       0   NON_BANKED  
     ect_ch0_isr                               4246       4       4       0   NON_BANKED  
     rti_isr                                   424A       4       4       0   NON_BANKED  
     irq_isr                                   424E       4       4       0   NON_BANKED  
     xirq_isr                                  4252       4       4       0   NON_BANKED  
     swi_isr                                   4256       4       4       0   NON_BANKED  
     trap_isr                                  425A       4       4       0   NON_BANKED  
     cop_isr                                   425E       4       4       0   NON_BANKED  
     clockmonitor_isr                          4262       4       4       0   NON_BANKED  
     isdigit                                   4266       E      14       3   .text       
     isspace                                   4274      17      23       6   .text       
     toupper                                   428B      14      20       4   .text       
     _heapcrash_                               429F       C      12       3   .text       
     Ten                                       42AB      AC     172       3   .text       
     vprintf                                   4357     924    2340     110   .text       
     _out                                      4C7B       C      12      17   .text       
     deposit_char                              4C87       F      15       1   .text       
     sprintf                                   4C96      29      41       4   .text       
     _getNum                                   4CBF      37      55       1   .text       
     _copyList                                 4CF6      B5     181       1   .text       
     vsscanf                                   4DAB     376     886      50   .text       
     sscanf                                    5121      10      16       3   .text       
     CheckCharWithBase                         5131      39      57       1   .text       
     _strtoul                                  516A     170     368       8   .text       
     _strtol                                   52DA      D0     208       4   .text       
     strtol                                    53AA      13      19       1   .text       
     _strtod                                   53BD     38A     906      20   .text       
     strlen                                    5747      14      20       2   .text       
     malloc                                    575B      A6     166       2   .text       
     free                                      5801      C4     196       4   .text       
     software_trap                             58C5       2       2      54   .text       
     LED_CONTROL                               58C7      AA     170       1   .text       
     LCD_CONTROL                               5971      1D      29       1   .text       
     main                                      598E      5A      90       0   .text       
     init_atd0                                 59E8      10      16       1   .text       
     get_atd0                                  59F8       F      15       1   .text       
     convert_value                             5A07      4A      74       1   .text       
     InitFormatTable                           5A51      6C     108       1   .text       
     DataCheck                                 5ABD      27      39       1   .text       
     GetDataFrame                              5AE4      FF     255       1   .text       
     ini_interrupt                             5BE3       C      12       1   .text       
     interruptJ_function                       5BEF      37      55       1   .text       
     interruptX_function                       5C26      5B      91       1   .text       
     init_LCD                                  5C81      18      24       1   .text       
     set_inst_register                         5C99      26      38       5   .text       
     write_data                                5CBF      26      38       1   .text       
     write_string                              5CE5      2C      44       1   .text       
     ms_delay                                  5D11      24      36       2   .text       
     init_led                                  5D35       E      14       1   .text       
     set_led                                   5D43      15      21       1   .text       
     init_seven_seg                            5D58       9       9       1   .text       
     set_7segment                              5D61      34      52       2   .text       
     QueuePush                                 5D95      48      72       1   .text       
     QueuePop                                  5DDD      32      50       1   .text       
     init_sci0                                 5E0F      15      21       1   .text       
     write_sci0                                5E24       7       7       5   .text       
     sci0_handler                              5E2B      9C     156       1   .text       
     ExceptionHandling                         5EC7      19      25       4   .text       
     F_ADDKL                                   5EE0      67     103       1   RUNTIME     
     _FADD                                     5F47      15      21       6   RUNTIME     
     _FSUB                                     5F5C      13      19       2   RUNTIME     
     _FNEG                                     5F6F       B      11       2   RUNTIME     
     F_FREXP                                   5F7A      1F      31       1   RUNTIME     
     frexpf                                    5F99      19      25       1   RUNTIME     
     _FCMP                                     5FB2      26      38       5   RUNTIME     
     F_TOLONGK                                 5FD8      33      51       1   RUNTIME     
     F_FRLONGK                                 600B      1F      31       2   RUNTIME     
     _FSFLOAT                                  602A      12      18       3   RUNTIME     
     _FUFLOAT                                  603C      12      18       1   RUNTIME     
     _FSTRUNC                                  604E      11      17       1   RUNTIME     
     _FUTRUNC                                  605F       3       3       2   RUNTIME     
     F_DIVKL                                   6062      8E     142       1   RUNTIME     
     F_MULKL                                   60F0      58      88       1   RUNTIME     
     _FMUL                                     6148      14      20      10   RUNTIME     
     _FDIV                                     615C      1E      30       4   RUNTIME     
     F_PULK                                    617A      15      21       4   RUNTIME     
     F_PULL                                    618F      15      21       4   RUNTIME     
     F_PSHK                                    61A4      13      19       6   RUNTIME     
     F_TLK                                     61B7       D      13       1   RUNTIME     
     F_XGKL                                    61C4      21      33       2   RUNTIME     
     F_CLRK                                    61E5       B      11       2   RUNTIME     
     F_MAXK                                    61F0       9       9       2   RUNTIME     
     F_NORMK                                   61F9      3E      62       4   RUNTIME     
     _BDIVMODS                                 6237       B      11       4   RUNTIME     
     _ISHL                                     6242       B      11       3   RUNTIME     
     _LCMP_P                                   624D      15      21       4   RUNTIME     
     _LNEG                                     6262       D      13       3   RUNTIME     
     _LMULS16x32                               626F      1F      31       1   RUNTIME     
     _lDivMod                                  628E      BE     190       2   RUNTIME     
     _LDIVU                                    634C       E      14       2   RUNTIME     
     _NEG_P                                    635A       F      15       1   RUNTIME     
     _LMODU                                    6369      11      17       1   RUNTIME     
     _ILSEXT                                   637A       7       7       7   RUNTIME     
     _CASE_DIRECT_BYTE                         6381       5       5       1   RUNTIME     
     _CASE_CHECKED_BYTE                        6386      14      20       5   RUNTIME     
     _CASE_SEARCH_8                            639A      17      23       2   RUNTIME     
     _CASE_SEARCH_8_BYTE                       63B1      1A      26       1   RUNTIME     
     L_NEGK                                    63CB       7       7       2   RUNTIME     
     L_PSHK                                    63D2       8       8       1   RUNTIME     
     UL_PULK                                   63DA       3       3       1   RUNTIME     
     SL_PULK                                   63DD       A      10       1   RUNTIME     

*********************************************************************************************
UNUSED-OBJECTS SECTION
---------------------------------------------------------------------------------------------
NOT USED PROCEDURES
CTYPE.C.o (ansis.lib):
  isalnum isalpha iscntrl isgraph islower isprint ispunct isupper isxdigit 
  tolower 
MATH.C.o (ansis.lib):
  copysign logb fabs isint is_special pow_i exp_r exp log_r log log10 pow 
  sincos tan sin cos sqrt_r sqrt SetSign atan2 asin acos atan sncsh sinh cosh 
  tanh ceil floor fmod 
PRINTF.C.o (ansis.lib):
  set_printf vsprintf snprintf vsnprintf 
STDLIB.C.o (ansis.lib):
  atexit getenv system mblen mbtowc wctomb mbstowcs wcstombs strtoul strtod 
  _itoa bsearch swap qsort div ldiv abs labs rand srand 
STRING.C.o (ansis.lib):
  strerror memchr memcmp memcpy2 memcpy _memcpy_8bitCount memmove memset 
  _memset_clear_8bitCount strset strcat strncat strcpy strncpy strcmp strncmp 
  strchr strrchr strspn strcspn strpbrk strstr strtok strcoll strxfrm 
ALLOC.C.o (ansis.lib):
  calloc realloc 
FADD.C.o (ansis.lib):
  _FINC _FDEC _FABS 
FANSI.C.o (ansis.lib):
  F_MODF F_LDEXP modff RetErrDom ldexpf 
FREGS.C.o (ansis.lib):
  F_STAL F_TKL F_CLRL 
rtshc12.c.o (ansis.lib):
  _BSHL _BSHRS _BSHRU _BDIVMODU _ISHRU _ISHRS _LSHL _LSHRU _LSHRS _LADD _LSUB 
  _LAND _LOR _LXOR _LCMP _LCMP_PP _LCOM _LINC _LDEC _LMUL _LMULU16x32 _LDIVS 
  _LMODS _COPY _CASE_DIRECT _CASE_CHECKED _CASE_SEARCH _CASE_SEARCH_BYTE _FCALL 
  _FPCMP 
projectvectors.c.o:
  unused_isr 
led.c.o:
  set_led_counter 
queue.c.o:
  QueueFront 
NOT USED VARIABLES
CTYPE.C.o (ansis.lib):
  _ctype 
MATH.C.o (ansis.lib):
  nan_union small.1 big.2 
STDLIB.C.o (ansis.lib):
  seed channels 
STRING.C.o (ansis.lib):
  STRING..1 next.2 
rtshc12.c.o (ansis.lib):
  _PowOfTwo_8 _PowOfTwo_16 _PowOfTwo_32 

*********************************************************************************************
COPYDOWN SECTION
---------------------------------------------------------------------------------------------
------- ROM-ADDRESS: 0x63E7 ---- SIZE       2 ---
Filling bytes inserted
 0000

*********************************************************************************************
OBJECT-DEPENDENCIES SECTION
---------------------------------------------------------------------------------------------
Init                      USES _startupData 
_Startup                  USES _startupData __SEG_END_SSTACK Init 
pwm_shutdown_isr          USES software_trap 
portp_isr                 USES software_trap 
mscan4_tx_isr             USES software_trap 
mscan4_rx_isr             USES software_trap 
mscan4_error_isr          USES software_trap 
mscan4_wakeup_isr         USES software_trap 
mscan3_tx_isr             USES software_trap 
mscan3_rx_isr             USES software_trap 
mscan3_error_isr          USES software_trap 
mscan3_wakeup_isr         USES software_trap 
mscan2_tx_isr             USES software_trap 
mscan2_rx_isr             USES software_trap 
mscan2_error_isr          USES software_trap 
mscan2_wakeup_isr         USES software_trap 
mscan1_tx_isr             USES software_trap 
mscan1_rx_isr             USES software_trap 
mscan1_error_isr          USES software_trap 
mscan1_wakeup_isr         USES software_trap 
mscan0_tx_isr             USES software_trap 
mscan0_rx_isr             USES software_trap 
mscan0_error_isr          USES software_trap 
mscan0_wakeup_isr         USES software_trap 
flash_isr                 USES software_trap 
eeprom_isr                USES software_trap 
spi2_isr                  USES software_trap 
spi1_isr                  USES software_trap 
iic_isr                   USES software_trap 
bdlc_isr                  USES software_trap 
crg_scm_isr               USES software_trap 
crg_pll_lock_isr          USES software_trap 
pa_b_overflow_isr         USES software_trap 
ect_mdc_isr               USES software_trap 
porth_isr                 USES software_trap 
portj_isr                 USES interruptJ_function 
atd1_isr                  USES software_trap 
atd0_isr                  USES software_trap 
sci1_isr                  USES software_trap 
sci0_isr                  USES sci0_handler 
spi0_isr                  USES software_trap 
pa_a_edge_isr             USES software_trap 
pa_a_overflow_isr         USES software_trap 
ect_overflow_isr          USES software_trap 
ect_ch7_isr               USES software_trap 
ect_ch6_isr               USES software_trap 
ect_ch5_isr               USES software_trap 
ect_ch4_isr               USES software_trap 
ect_ch3_isr               USES software_trap 
ect_ch2_isr               USES software_trap 
ect_ch1_isr               USES software_trap 
ect_ch0_isr               USES software_trap 
rti_isr                   USES software_trap 
irq_isr                   USES software_trap 
xirq_isr                  USES interruptX_function 
swi_isr                   USES software_trap 
trap_isr                  USES software_trap 
cop_isr                   USES software_trap 
clockmonitor_isr          USES software_trap 
Ten                       USES fpow10 fpow_10 Ten _FMUL 
vprintf                   USES vprintf _out _CASE_SEARCH_8_BYTE 
                                _CASE_DIRECT_BYTE _CASE_SEARCH_8 pbuf _ILSEXT _LNEG pow8 _LCMP_P 
                                pow16 pow10 _FNEG frexpf _FMUL _FADD _BDIVMODS Ten 
                                _FUTRUNC _FUFLOAT _FSUB _LDIVU _FCMP _LMODU 
_out                      USES pbuf 
deposit_char              USES pbuf 
sprintf                   USES pbuf deposit_char vprintf 
vsscanf                   USES vsscanf isspace _getNum _CASE_SEARCH_8 
                                _CASE_CHECKED_BYTE _strtod _ILSEXT _copyList _strtol 
sscanf                    USES vsscanf 
CheckCharWithBase         USES toupper 
_strtoul                  USES _strtoul isspace toupper _ILSEXT _LDIVU _LCMP_P 
                                _LMULS16x32 errno CheckCharWithBase 
_strtol                   USES _strtol isspace isdigit _strtoul errno _LNEG 
strtol                    USES _strtol 
_strtod                   USES isspace isdigit _CASE_CHECKED_BYTE _strtod 
                                _FCMP _FSFLOAT _FSUB _FADD _ILSEXT _FDIV _FMUL 
                                toupper infinity errno _FNEG 
malloc                    USES heap_end _heap_ free_ptr _heapcrash_ 
free                      USES _heap_ heap_end free free_ptr _heapcrash_ 
LED_CONTROL               USES _CASE_CHECKED_BYTE strtol led_digit STRING..d.1 
                                STRING..x.2 sscanf BYTE_SIZE_TYPE _ISHL set_led 
LCD_CONTROL               USES write_string 
main                      USES ini_interrupt RX init_sci0 STRING.SCI.OK.3 
                                write_sci0 init_led init_atd0 init_seven_seg init_LCD 
                                InitFormatTable QueuePop df LED_CONTROL LCD_CONTROL free 
init_atd0                 USES Atd0 
get_atd0                  USES Atd0 
InitFormatTable           USES BYTE_SIZE_TABLE 
DataCheck                 USES strlen 
GetDataFrame              USES malloc STRING......s.1 sscanf 
                                STRING..2d.1d.2d.1d.....s.2 strlen BYTE_SIZE_TABLE ExceptionHandling 
                                BYTE_SIZE_TYPE DataCheck free 
ini_interrupt             USES Pim 
interruptJ_function       USES Pim STRING..0210001..1 write_sci0 get_atd0 
                                convert_value STRING..041000.d..2 buf sprintf 
interruptX_function       USES _ISHL led_digit set_7segment 
                                STRING..011000.d..3 buf sprintf STRING..011000X..4 write_sci0 
init_LCD                  USES Regs set_inst_register 
set_inst_register         USES ms_delay Regs 
write_data                USES ms_delay Regs 
write_string              USES set_inst_register write_data 
init_led                  USES Regs Pim 
set_led                   USES Pim Regs 
init_seven_seg            USES Pim 
set_7segment              USES _CASE_CHECKED_BYTE Pim 
QueuePush                 USES malloc Head Tail 
QueuePop                  USES Head Tail free 
init_sci0                 USES Sci0 txoffset_sci0 rxbuffer_sci0 
write_sci0                USES txbuffer_sci0 Sci0 
sci0_handler              USES Sci0 rxbuffer_sci0 ProtocolStart rxoffset_sci0 
                                GetDataFrame QueuePush ExceptionHandling txbuffer_sci0 
ExceptionHandling         USES STRING..050000.d..1 sprintf write_sci0 
F_ADDKL                   USES F_XGKL F_NORMK 
_FADD                     USES F_PULK F_PULL F_ADDKL F_PSHK 
_FSUB                     USES _FADD 
F_FREXP                   USES F_NORMK 
frexpf                    USES F_PULL F_TLK F_FREXP F_PSHK 
_FSFLOAT                  USES SL_PULK F_FRLONGK F_PSHK 
_FUFLOAT                  USES UL_PULK F_FRLONGK F_PSHK 
_FSTRUNC                  USES F_PULK F_TOLONGK L_PSHK 
_FUTRUNC                  USES _FSTRUNC 
F_DIVKL                   USES F_MAXK F_NORMK 
F_MULKL                   USES F_CLRK F_NORMK 
_FMUL                     USES F_PULK F_PULL F_MULKL F_PSHK 
_FDIV                     USES F_PULL F_PULK F_DIVKL F_PSHK 
F_MAXK                    USES F_CLRK 
F_NORMK                   USES F_MAXK 
_LMULS16x32               USES _LNEG 
_LDIVU                    USES _lDivMod 
_LMODU                    USES _lDivMod 
L_NEGK                    USES _NEG_P 
L_PSHK                    USES L_NEGK 
SL_PULK                   USES L_NEGK 

*********************************************************************************************
DEPENDENCY TREE
*********************************************************************************************
 main and _Startup Group
 | 
 +- main                
 |  | 
 |  +- ini_interrupt       
 |  |    
 |  +- init_sci0           
 |  |    
 |  +- write_sci0          
 |  |    
 |  +- init_led            
 |  |    
 |  +- init_atd0           
 |  |    
 |  +- init_seven_seg      
 |  |    
 |  +- init_LCD            
 |  |  | 
 |  |  +- set_inst_register   
 |  |     | 
 |  |     +- ms_delay            
 |  |          
 |  +- InitFormatTable     
 |  |    
 |  +- QueuePop            
 |  |  | 
 |  |  +- free                
 |  |     | 
 |  |     +- _heapcrash_         
 |  |          
 |  +- LED_CONTROL         
 |  |  | 
 |  |  +- _CASE_CHECKED_BYTE  
 |  |  |    
 |  |  +- strtol              
 |  |  |  | 
 |  |  |  +- _strtol             
 |  |  |     | 
 |  |  |     +- isspace             
 |  |  |     |    
 |  |  |     +- isdigit             
 |  |  |     |    
 |  |  |     +- _strtoul            
 |  |  |     |  | 
 |  |  |     |  +- isspace              (see above)
 |  |  |     |  |  
 |  |  |     |  +- toupper             
 |  |  |     |  |    
 |  |  |     |  +- _ILSEXT             
 |  |  |     |  |    
 |  |  |     |  +- _LDIVU              
 |  |  |     |  |  | 
 |  |  |     |  |  +- _lDivMod            
 |  |  |     |  |       
 |  |  |     |  +- _LCMP_P             
 |  |  |     |  |    
 |  |  |     |  +- _LMULS16x32         
 |  |  |     |  |  | 
 |  |  |     |  |  +- _LNEG               
 |  |  |     |  |       
 |  |  |     |  +- CheckCharWithBase   
 |  |  |     |     | 
 |  |  |     |     +- toupper              (see above)
 |  |  |     |        
 |  |  |     +- _LNEG                (see above)
 |  |  |        
 |  |  +- sscanf              
 |  |  |  | 
 |  |  |  +- vsscanf             
 |  |  |     | 
 |  |  |     +- isspace              (see above)
 |  |  |     |  
 |  |  |     +- _getNum             
 |  |  |     |    
 |  |  |     +- _CASE_SEARCH_8      
 |  |  |     |    
 |  |  |     +- _CASE_CHECKED_BYTE   (see above)
 |  |  |     |  
 |  |  |     +- _strtod             
 |  |  |     |  | 
 |  |  |     |  +- isspace              (see above)
 |  |  |     |  |  
 |  |  |     |  +- isdigit              (see above)
 |  |  |     |  |  
 |  |  |     |  +- _CASE_CHECKED_BYTE   (see above)
 |  |  |     |  |  
 |  |  |     |  +- _FCMP               
 |  |  |     |  |    
 |  |  |     |  +- _FSFLOAT            
 |  |  |     |  |  | 
 |  |  |     |  |  +- SL_PULK             
 |  |  |     |  |  |  | 
 |  |  |     |  |  |  +- L_NEGK              
 |  |  |     |  |  |     | 
 |  |  |     |  |  |     +- _NEG_P              
 |  |  |     |  |  |          
 |  |  |     |  |  +- F_FRLONGK           
 |  |  |     |  |  |    
 |  |  |     |  |  +- F_PSHK              
 |  |  |     |  |       
 |  |  |     |  +- _FSUB               
 |  |  |     |  |  | 
 |  |  |     |  |  +- _FADD               
 |  |  |     |  |     | 
 |  |  |     |  |     +- F_PULK              
 |  |  |     |  |     |    
 |  |  |     |  |     +- F_PULL              
 |  |  |     |  |     |    
 |  |  |     |  |     +- F_ADDKL             
 |  |  |     |  |     |  | 
 |  |  |     |  |     |  +- F_XGKL              
 |  |  |     |  |     |  |    
 |  |  |     |  |     |  +- F_NORMK             
 |  |  |     |  |     |     | 
 |  |  |     |  |     |     +- F_MAXK              
 |  |  |     |  |     |        | 
 |  |  |     |  |     |        +- F_CLRK              
 |  |  |     |  |     |             
 |  |  |     |  |     +- F_PSHK               (see above)
 |  |  |     |  |        
 |  |  |     |  +- _FADD                (see above)
 |  |  |     |  |  
 |  |  |     |  +- _ILSEXT              (see above)
 |  |  |     |  |  
 |  |  |     |  +- _FDIV               
 |  |  |     |  |  | 
 |  |  |     |  |  +- F_PULL               (see above)
 |  |  |     |  |  |  
 |  |  |     |  |  +- F_PULK               (see above)
 |  |  |     |  |  |  
 |  |  |     |  |  +- F_DIVKL             
 |  |  |     |  |  |  | 
 |  |  |     |  |  |  +- F_MAXK               (see above)
 |  |  |     |  |  |  |  
 |  |  |     |  |  |  +- F_NORMK              (see above)
 |  |  |     |  |  |     
 |  |  |     |  |  +- F_PSHK               (see above)
 |  |  |     |  |     
 |  |  |     |  +- _FMUL               
 |  |  |     |  |  | 
 |  |  |     |  |  +- F_PULK               (see above)
 |  |  |     |  |  |  
 |  |  |     |  |  +- F_PULL               (see above)
 |  |  |     |  |  |  
 |  |  |     |  |  +- F_MULKL             
 |  |  |     |  |  |  | 
 |  |  |     |  |  |  +- F_CLRK               (see above)
 |  |  |     |  |  |  |  
 |  |  |     |  |  |  +- F_NORMK              (see above)
 |  |  |     |  |  |     
 |  |  |     |  |  +- F_PSHK               (see above)
 |  |  |     |  |     
 |  |  |     |  +- toupper              (see above)
 |  |  |     |  |  
 |  |  |     |  +- _FNEG               
 |  |  |     |       
 |  |  |     +- _ILSEXT              (see above)
 |  |  |     |  
 |  |  |     +- _copyList           
 |  |  |     |    
 |  |  |     +- _strtol              (see above)
 |  |  |        
 |  |  +- _ISHL               
 |  |  |    
 |  |  +- set_led             
 |  |       
 |  +- LCD_CONTROL         
 |  |  | 
 |  |  +- write_string        
 |  |     | 
 |  |     +- set_inst_register    (see above)
 |  |     |  
 |  |     +- write_data          
 |  |        | 
 |  |        +- ms_delay             (see above)
 |  |           
 |  +- free                 (see above)
 |     
 +- _Startup            
    | 
    +- Init                
         
 clockmonitor_isr    
 | 
 +- software_trap       
      
 cop_isr             
 | 
 +- software_trap        (see above)
    
 trap_isr            
 | 
 +- software_trap        (see above)
    
 swi_isr             
 | 
 +- software_trap        (see above)
    
 xirq_isr            
 | 
 +- interruptX_function 
    | 
    +- _ISHL                (see above)
    |  
    +- set_7segment        
    |  | 
    |  +- _CASE_CHECKED_BYTE   (see above)
    |     
    +- sprintf             
    |  | 
    |  +- deposit_char        
    |  |    
    |  +- vprintf             
    |     | 
    |     +- _out                
    |     |    
    |     +- _CASE_SEARCH_8_BYTE 
    |     |    
    |     +- _CASE_DIRECT_BYTE   
    |     |    
    |     +- _CASE_SEARCH_8       (see above)
    |     |  
    |     +- _ILSEXT              (see above)
    |     |  
    |     +- _LNEG                (see above)
    |     |  
    |     +- _LCMP_P              (see above)
    |     |  
    |     +- _FNEG                (see above)
    |     |  
    |     +- frexpf              
    |     |  | 
    |     |  +- F_PULL               (see above)
    |     |  |  
    |     |  +- F_TLK               
    |     |  |    
    |     |  +- F_FREXP             
    |     |  |  | 
    |     |  |  +- F_NORMK              (see above)
    |     |  |     
    |     |  +- F_PSHK               (see above)
    |     |     
    |     +- _FMUL                (see above)
    |     |  
    |     +- _FADD                (see above)
    |     |  
    |     +- _BDIVMODS           
    |     |    
    |     +- Ten                 
    |     |  | 
    |     |  +- _FMUL                (see above)
    |     |     
    |     +- _FUTRUNC            
    |     |  | 
    |     |  +- _FSTRUNC            
    |     |     | 
    |     |     +- F_PULK               (see above)
    |     |     |  
    |     |     +- F_TOLONGK           
    |     |     |    
    |     |     +- L_PSHK              
    |     |        | 
    |     |        +- L_NEGK               (see above)
    |     |           
    |     +- _FUFLOAT            
    |     |  | 
    |     |  +- UL_PULK             
    |     |  |    
    |     |  +- F_FRLONGK            (see above)
    |     |  |  
    |     |  +- F_PSHK               (see above)
    |     |     
    |     +- _FSUB                (see above)
    |     |  
    |     +- _LDIVU               (see above)
    |     |  
    |     +- _FCMP                (see above)
    |     |  
    |     +- _LMODU              
    |        | 
    |        +- _lDivMod             (see above)
    |           
    +- write_sci0           (see above)
       
 irq_isr             
 | 
 +- software_trap        (see above)
    
 rti_isr             
 | 
 +- software_trap        (see above)
    
 ect_ch0_isr         
 | 
 +- software_trap        (see above)
    
 ect_ch1_isr         
 | 
 +- software_trap        (see above)
    
 ect_ch2_isr         
 | 
 +- software_trap        (see above)
    
 ect_ch3_isr         
 | 
 +- software_trap        (see above)
    
 ect_ch4_isr         
 | 
 +- software_trap        (see above)
    
 ect_ch5_isr         
 | 
 +- software_trap        (see above)
    
 ect_ch6_isr         
 | 
 +- software_trap        (see above)
    
 ect_ch7_isr         
 | 
 +- software_trap        (see above)
    
 ect_overflow_isr    
 | 
 +- software_trap        (see above)
    
 pa_a_overflow_isr   
 | 
 +- software_trap        (see above)
    
 pa_a_edge_isr       
 | 
 +- software_trap        (see above)
    
 spi0_isr            
 | 
 +- software_trap        (see above)
    
 sci0_isr            
 | 
 +- sci0_handler        
    | 
    +- GetDataFrame        
    |  | 
    |  +- malloc              
    |  |  | 
    |  |  +- _heapcrash_          (see above)
    |  |     
    |  +- sscanf               (see above)
    |  |  
    |  +- strlen              
    |  |    
    |  +- ExceptionHandling   
    |  |  | 
    |  |  +- sprintf              (see above)
    |  |  |  
    |  |  +- write_sci0           (see above)
    |  |     
    |  +- DataCheck           
    |  |  | 
    |  |  +- strlen               (see above)
    |  |     
    |  +- free                 (see above)
    |     
    +- QueuePush           
    |  | 
    |  +- malloc               (see above)
    |     
    +- ExceptionHandling    (see above)
       
 sci1_isr            
 | 
 +- software_trap        (see above)
    
 atd0_isr            
 | 
 +- software_trap        (see above)
    
 atd1_isr            
 | 
 +- software_trap        (see above)
    
 portj_isr           
 | 
 +- interruptJ_function 
    | 
    +- write_sci0           (see above)
    |  
    +- get_atd0            
    |    
    +- convert_value       
    |    
    +- sprintf              (see above)
       
 porth_isr           
 | 
 +- software_trap        (see above)
    
 ect_mdc_isr         
 | 
 +- software_trap        (see above)
    
 pa_b_overflow_isr   
 | 
 +- software_trap        (see above)
    
 crg_pll_lock_isr    
 | 
 +- software_trap        (see above)
    
 crg_scm_isr         
 | 
 +- software_trap        (see above)
    
 bdlc_isr            
 | 
 +- software_trap        (see above)
    
 iic_isr             
 | 
 +- software_trap        (see above)
    
 spi1_isr            
 | 
 +- software_trap        (see above)
    
 spi2_isr            
 | 
 +- software_trap        (see above)
    
 eeprom_isr          
 | 
 +- software_trap        (see above)
    
 flash_isr           
 | 
 +- software_trap        (see above)
    
 mscan0_wakeup_isr   
 | 
 +- software_trap        (see above)
    
 mscan0_error_isr    
 | 
 +- software_trap        (see above)
    
 mscan0_rx_isr       
 | 
 +- software_trap        (see above)
    
 mscan0_tx_isr       
 | 
 +- software_trap        (see above)
    
 mscan1_wakeup_isr   
 | 
 +- software_trap        (see above)
    
 mscan1_error_isr    
 | 
 +- software_trap        (see above)
    
 mscan1_rx_isr       
 | 
 +- software_trap        (see above)
    
 mscan1_tx_isr       
 | 
 +- software_trap        (see above)
    
 mscan2_wakeup_isr   
 | 
 +- software_trap        (see above)
    
 mscan2_error_isr    
 | 
 +- software_trap        (see above)
    
 mscan2_rx_isr       
 | 
 +- software_trap        (see above)
    
 mscan2_tx_isr       
 | 
 +- software_trap        (see above)
    
 mscan3_wakeup_isr   
 | 
 +- software_trap        (see above)
    
 mscan3_error_isr    
 | 
 +- software_trap        (see above)
    
 mscan3_rx_isr       
 | 
 +- software_trap        (see above)
    
 mscan3_tx_isr       
 | 
 +- software_trap        (see above)
    
 mscan4_wakeup_isr   
 | 
 +- software_trap        (see above)
    
 mscan4_error_isr    
 | 
 +- software_trap        (see above)
    
 mscan4_rx_isr       
 | 
 +- software_trap        (see above)
    
 mscan4_tx_isr       
 | 
 +- software_trap        (see above)
    
 portp_isr           
 | 
 +- software_trap        (see above)
    
 pwm_shutdown_isr    
 | 
 +- software_trap        (see above)
    
*********************************************************************************************
STATISTIC SECTION
---------------------------------------------------------------------------------------------

ExeFile:
--------
Number of blocks to be downloaded: 7
Total size of all blocks to be downloaded: 9309

